Component: Arm Compiler for Embedded 6.22 Tool: armlink [5ee90200]

==============================================================================

Small function inlining results

Inlined function getenv from getenv.o at offset 0x64 in getopt.o(.text._getopt_internal).
Inlined Instruction: MOVS     r0,#0
Inlined function __aeabi_idiv0 from idiv0.o at offset 0x160 in aeabi_sdiv.o(.text).
Inlined Instruction: BX       lr
Inlined function __aeabi_idiv0 from idiv0.o at offset 0xc in aeabi_sdiv_div0.o(.text).
Inlined Instruction: BX       lr
Inlined function __aeabi_idiv0 from idiv0.o at offset 0x176 in aeabi_sdiv_div0.o(.text).
Inlined Instruction: BX       lr
Inlined function __aeabi_idiv0 from idiv0.o at offset 0x18 in uidiv_div0.o(.text).
Inlined Instruction: BX       lr
Inlined function __aeabi_idiv0 from idiv0.o at offset 0x42 in idiv_div0.o(.text).
Inlined Instruction: BX       lr
Inlined total of 6 calls.

==============================================================================

Section Cross References

    system_m251.o(.text.SystemCoreClockUpdate) refers to clk.o(.text.CLK_GetPLLClockFreq) for CLK_GetPLLClockFreq
    system_m251.o(.text.SystemCoreClockUpdate) refers to system_m251.o(.data.PllClock) for PllClock
    system_m251.o(.text.SystemCoreClockUpdate) refers to system_m251.o(.rodata.gau32ClkSrcTbl) for gau32ClkSrcTbl
    system_m251.o(.text.SystemCoreClockUpdate) refers to system_m251.o(.data.SystemCoreClock) for SystemCoreClock
    system_m251.o(.text.SystemCoreClockUpdate) refers to system_m251.o(.data.CyclesPerUs) for CyclesPerUs
    system_m251.o(.ARM.exidx.text.SystemCoreClockUpdate) refers to system_m251.o(.text.SystemCoreClockUpdate) for [Anonymous Symbol]
    system_m251.o(.text.SystemInit) refers to startup_m251.o(RESET) for __Vectors
    system_m251.o(.ARM.exidx.text.SystemInit) refers to system_m251.o(.text.SystemInit) for [Anonymous Symbol]
    system_m251.o(.ARM.exidx.text.Uart0DefaultMPF) refers to system_m251.o(.text.Uart0DefaultMPF) for [Anonymous Symbol]
    startup_m251.o(RESET) refers to startup_m251.o(STACK) for __initial_sp
    startup_m251.o(RESET) refers to startup_m251.o(.text) for Reset_Handler
    startup_m251.o(RESET) refers to m251_it.o(.text.NMI_Handler) for NMI_Handler
    startup_m251.o(RESET) refers to m251_it.o(.text.HardFault_Handler) for HardFault_Handler
    startup_m251.o(RESET) refers to retarget.o(.text.SendChar_ToUART) for SendChar_ToUART
    startup_m251.o(RESET) refers to retarget.o(.text.GetChar) for GetChar
    startup_m251.o(RESET) refers to m251_it.o(.text.SVC_Handler) for SVC_Handler
    startup_m251.o(RESET) refers to m251_it.o(.text.PendSV_Handler) for PendSV_Handler
    startup_m251.o(RESET) refers to m251_it.o(.text.UART1_IRQHandler) for UART1_IRQHandler
    startup_m251.o(RESET) refers to m251_it.o(.text.UART2_IRQHandler) for UART2_IRQHandler
    startup_m251.o(.text) refers to system_m251.o(.text.SystemInit) for SystemInit
    startup_m251.o(.text) refers to entry.o(.ARM.Collect$$$$00000000) for __main
    startup_m251.o(.text) refers to retarget.o(.text.ProcessHardFault) for ProcessHardFault
    startup_m251.o(.text) refers to retarget.o(.text.SH_Return) for SH_Return
    main.o(.text.SYS_Init) refers to main.o(.text.SYS_UnlockReg) for SYS_UnlockReg
    main.o(.text.SYS_Init) refers to clk.o(.text.CLK_EnableXtalRC) for CLK_EnableXtalRC
    main.o(.text.SYS_Init) refers to clk.o(.text.CLK_WaitClockReady) for CLK_WaitClockReady
    main.o(.text.SYS_Init) refers to clk.o(.text.CLK_DisablePLL) for CLK_DisablePLL
    main.o(.text.SYS_Init) refers to clk.o(.text.CLK_SetHCLK) for CLK_SetHCLK
    main.o(.text.SYS_Init) refers to clk.o(.text.CLK_EnableModuleClock) for CLK_EnableModuleClock
    main.o(.text.SYS_Init) refers to clk.o(.text.CLK_SetModuleClock) for CLK_SetModuleClock
    main.o(.text.SYS_Init) refers to system_m251.o(.text.SystemCoreClockUpdate) for SystemCoreClockUpdate
    main.o(.text.SYS_Init) refers to system_m251.o(.text.Uart0DefaultMPF) for Uart0DefaultMPF
    main.o(.ARM.exidx.text.SYS_Init) refers to main.o(.text.SYS_Init) for [Anonymous Symbol]
    main.o(.ARM.exidx.text.SYS_UnlockReg) refers to main.o(.text.SYS_UnlockReg) for [Anonymous Symbol]
    main.o(.text.main) refers to memcpya.o(.text) for __aeabi_memcpy
    main.o(.text.main) refers to main.o(.text.SYS_UnlockReg) for SYS_UnlockReg
    main.o(.text.main) refers to main.o(.text.SYS_Init) for SYS_Init
    main.o(.text.main) refers to main.o(.text.SYS_LockReg) for SYS_LockReg
    main.o(.text.main) refers to uart2_1.o(.text.uart_init) for uart_init
    main.o(.text.main) refers to shell.o(.text.shell_init) for shell_init
    main.o(.text.main) refers to memseta.o(.text) for __aeabi_memclr4
    main.o(.text.main) refers to printfa.o(i.__0snprintf) for snprintf
    main.o(.text.main) refers to driver_st7789_1.o(.text.st7789_info) for st7789_info
    main.o(.text.main) refers to driver_st7789_1.o(.text.st7789_init) for st7789_init
[...]
    spi.c                                    0x00000000   Number         0  spi.o ABSOLUTE
    spi2.c                                   0x00000000   Number         0  spi2_1.o ABSOLUTE
    sys.c                                    0x00000000   Number         0  sys.o ABSOLUTE
    system_M251.c                            0x00000000   Number         0  system_m251.o ABSOLUTE
    timer.c                                  0x00000000   Number         0  timer.o ABSOLUTE
    uart.c                                   0x00000000   Number         0  uart.o ABSOLUTE
    uart2.c                                  0x00000000   Number         0  uart2_1.o ABSOLUTE
    wire.c                                   0x00000000   Number         0  wire_1.o ABSOLUTE
    RESET                                    0x00000000   Section      320  startup_m251.o(RESET)
    .ARM.Collect$$$$00000000                 0x00000140   Section        0  entry.o(.ARM.Collect$$$$00000000)
    .ARM.Collect$$$$00000001                 0x00000140   Section        4  entry2.o(.ARM.Collect$$$$00000001)
    .ARM.Collect$$$$00000004                 0x00000144   Section        4  entry5.o(.ARM.Collect$$$$00000004)
    .ARM.Collect$$$$00000008                 0x00000148   Section        0  entry7b.o(.ARM.Collect$$$$00000008)
    .ARM.Collect$$$$0000000A                 0x00000148   Section        0  entry8b.o(.ARM.Collect$$$$0000000A)
    .ARM.Collect$$$$0000000B                 0x00000148   Section        8  entry9a.o(.ARM.Collect$$$$0000000B)
    __lit__00000000                          0x00000150   Data           4  entry2.o(.ARM.Collect$$$$00002712)
    .ARM.Collect$$$$0000000D                 0x00000150   Section        0  entry10a.o(.ARM.Collect$$$$0000000D)
    .ARM.Collect$$$$0000000F                 0x00000150   Section        0  entry11a.o(.ARM.Collect$$$$0000000F)
    .ARM.Collect$$$$00002712                 0x00000150   Section        4  entry2.o(.ARM.Collect$$$$00002712)
    .text                                    0x00000154   Section      132  startup_m251.o(.text)
    .text                                    0x000001d8   Section        0  rand.o(.text)
    .text                                    0x000001fc   Section        0  memcpya.o(.text)
    .text                                    0x00000220   Section        0  memseta.o(.text)
    .text                                    0x00000244   Section        0  strncpy.o(.text)
    .text                                    0x0000025e   Section        0  strlen.o(.text)
    .text                                    0x0000026c   Section        0  fadd.o(.text)
    .text                                    0x0000031e   Section        0  fdiv.o(.text)
    .text                                    0x0000039a   Section        0  ffixi.o(.text)
    .text                                    0x000003cc   Section        0  uldiv.o(.text)
    .text                                    0x0000042c   Section        0  iusefp.o(.text)
    .text                                    0x0000042c   Section        0  fepilogue.o(.text)
    .text                                    0x000004b0   Section        0  dadd.o(.text)
    .text                                    0x00000614   Section        0  dmul.o(.text)
    .text                                    0x000006e4   Section        0  ddiv.o(.text)
    .text                                    0x000007d4   Section        0  dfixul.o(.text)
    .text                                    0x00000814   Section       40  cdrcmple.o(.text)
    .text                                    0x0000083c   Section       48  init.o(.text)
    .text                                    0x0000086c   Section        0  uidiv_div0.o(.text)
    .text                                    0x000008aa   Section        0  llshl.o(.text)
    .text                                    0x000008ca   Section        0  llushr.o(.text)
    .text                                    0x000008ec   Section        0  llsshr.o(.text)
    .text                                    0x00000912   Section        0  depilogue.o(.text)
    [Anonymous Symbol]                       0x000009d0   Section        0  clk.o(.text.CLK_DisablePLL)
    [Anonymous Symbol]                       0x000009e0   Section        0  clk.o(.text.CLK_EnableModuleClock)
    __arm_cp.20_0                            0x00000a10   Number         4  clk.o(.text.CLK_EnableModuleClock)
    [Anonymous Symbol]                       0x00000a14   Section        0  clk.o(.text.CLK_EnableXtalRC)
    [Anonymous Symbol]                       0x00000a28   Section        0  clk.o(.text.CLK_GetHCLKFreq)
    [Anonymous Symbol]                       0x00000a34   Section        0  clk.o(.text.CLK_GetPCLK0Freq)
    [Anonymous Symbol]                       0x00000ab4   Section        0  clk.o(.text.CLK_GetPCLK1Freq)
    __arm_cp.7_0                             0x00000b38   Number         4  clk.o(.text.CLK_GetPCLK1Freq)
    [Anonymous Symbol]                       0x00000b3c   Section        0  clk.o(.text.CLK_GetPLLClockFreq)
    __arm_cp.10_0                            0x00000bdc   Number         4  clk.o(.text.CLK_GetPLLClockFreq)
    __arm_cp.10_1                            0x00000be0   Number         4  clk.o(.text.CLK_GetPLLClockFreq)
    __arm_cp.10_2                            0x00000be4   Number         4  clk.o(.text.CLK_GetPLLClockFreq)
    __arm_cp.10_3                            0x00000be8   Number         4  clk.o(.text.CLK_GetPLLClockFreq)
    [Anonymous Symbol]                       0x00000bec   Section        0  clk.o(.text.CLK_SetHCLK)
    __arm_cp.14_1                            0x00000c48   Number         4  clk.o(.text.CLK_SetHCLK)
    [Anonymous Symbol]                       0x00000c4c   Section        0  clk.o(.text.CLK_SetModuleClock)
    __arm_cp.16_0                            0x00000ce4   Number         4  clk.o(.text.CLK_SetModuleClock)
    __arm_cp.16_1                            0x00000ce8   Number         4  clk.o(.text.CLK_SetModuleClock)
    CLK_SysTickDelay                         0x00000ced   Thumb Code    56  delay_1.o(.text.CLK_SysTickDelay)
    [Anonymous Symbol]                       0x00000cec   Section        0  delay_1.o(.text.CLK_SysTickDelay)
    __arm_cp.2_0                             0x00000d24   Number         4  delay_1.o(.text.CLK_SysTickDelay)
    __arm_cp.2_1                             0x00000d28   Number         4  delay_1.o(.text.CLK_SysTickDelay)
    __arm_cp.2_2                             0x00000d2c   Number         4  delay_1.o(.text.CLK_SysTickDelay)
    __arm_cp.2_3                             0x00000d30   Number         4  delay_1.o(.text.CLK_SysTickDelay)
    [Anonymous Symbol]                       0x00000d34   Section        0  clk.o(.text.CLK_WaitClockReady)
    __arm_cp.13_0                            0x00000d80   Number         4  clk.o(.text.CLK_WaitClockReady)
    __arm_cp.13_1                            0x00000d84   Number         4  clk.o(.text.CLK_WaitClockReady)
    __arm_cp.13_2                            0x00000d88   Number         4  clk.o(.text.CLK_WaitClockReady)
    DumpStack                                0x00000d8d   Thumb Code     8  retarget.o(.text.DumpStack)
    [Anonymous Symbol]                       0x00000d8c   Section        0  retarget.o(.text.DumpStack)
    [Anonymous Symbol]                       0x00000d94   Section        0  gpio.o(.text.GPIO_SetMode)
    [Anonymous Symbol]                       0x00000de0   Section        0  retarget.o(.text.GetChar)
    __arm_cp.5_0                             0x00000df8   Number         4  retarget.o(.text.GetChar)
    __arm_cp.5_1                             0x00000dfc   Number         4  retarget.o(.text.GetChar)
    [Anonymous Symbol]                       0x00000e00   Section        0  m251_it.o(.text.HardFault_Handler)
    [Anonymous Symbol]                       0x00000e04   Section        0  m251_it.o(.text.NMI_Handler)
    [Anonymous Symbol]                       0x00000e06   Section        0  m251_it.o(.text.PendSV_Handler)
    [Anonymous Symbol]                       0x00000e08   Section        0  retarget.o(.text.ProcessHardFault)
    __arm_cp.1_0                             0x00000e78   Number         4  retarget.o(.text.ProcessHardFault)
    __arm_cp.1_1                             0x00000e7c   Number         4  retarget.o(.text.ProcessHardFault)
    __arm_cp.1_2                             0x00000e80   Number         4  retarget.o(.text.ProcessHardFault)
    [Anonymous Symbol]                       0x00000e84   Section        0  retarget.o(.text.SH_Return)
    [Anonymous Symbol]                       0x00000e94   Section        0  spi.o(.text.SPI_Close)
    __arm_cp.1_2                             0x00000edc   Number         4  spi.o(.text.SPI_Close)
    [Anonymous Symbol]                       0x00000ee0   Section        0  spi.o(.text.SPI_EnableAutoSS)
    [Anonymous Symbol]                       0x00000f04   Section        0  spi.o(.text.SPI_Open)
    __arm_cp.0_0                             0x00001148   Number         4  spi.o(.text.SPI_Open)
    __arm_cp.0_1                             0x0000114c   Number         4  spi.o(.text.SPI_Open)
    __arm_cp.0_2                             0x00001150   Number         4  spi.o(.text.SPI_Open)
    __arm_cp.0_3                             0x00001154   Number         4  spi.o(.text.SPI_Open)
    __arm_cp.0_4                             0x00001158   Number         4  spi.o(.text.SPI_Open)
    __arm_cp.0_5                             0x0000115c   Number         4  spi.o(.text.SPI_Open)
    __arm_cp.0_6                             0x00001160   Number         4  spi.o(.text.SPI_Open)
    [Anonymous Symbol]                       0x00001164   Section        0  m251_it.o(.text.SVC_Handler)
    [Anonymous Symbol]                       0x00001168   Section        0  main.o(.text.SYS_Init)
    __arm_cp.0_0                             0x0000122c   Number         4  main.o(.text.SYS_Init)
    __arm_cp.0_1                             0x00001230   Number         4  main.o(.text.SYS_Init)
    __arm_cp.0_2                             0x00001234   Number         4  main.o(.text.SYS_Init)
    __arm_cp.0_3                             0x00001238   Number         4  main.o(.text.SYS_Init)
    __arm_cp.0_4                             0x0000123c   Number         4  main.o(.text.SYS_Init)
    __arm_cp.0_5                             0x00001240   Number         4  main.o(.text.SYS_Init)
    __arm_cp.0_6                             0x00001244   Number         4  main.o(.text.SYS_Init)
    __arm_cp.0_7                             0x00001248   Number         4  main.o(.text.SYS_Init)
    __arm_cp.0_8                             0x0000124c   Number         4  main.o(.text.SYS_Init)
    __arm_cp.0_9                             0x00001250   Number         4  main.o(.text.SYS_Init)
    __arm_cp.0_10                            0x00001254   Number         4  main.o(.text.SYS_Init)
    __arm_cp.0_11                            0x00001258   Number         4  main.o(.text.SYS_Init)
    __arm_cp.0_12                            0x0000125c   Number         4  main.o(.text.SYS_Init)
    __arm_cp.0_13                            0x00001260   Number         4  main.o(.text.SYS_Init)
    __arm_cp.0_14                            0x00001264   Number         4  main.o(.text.SYS_Init)
    SYS_LockReg                              0x00001269   Thumb Code     8  main.o(.text.SYS_LockReg)
    [Anonymous Symbol]                       0x00001268   Section        0  main.o(.text.SYS_LockReg)
    SYS_UnlockReg                            0x00001271   Thumb Code    32  main.o(.text.SYS_UnlockReg)
    [Anonymous Symbol]                       0x00001270   Section        0  main.o(.text.SYS_UnlockReg)
    SYS_UnlockReg                            0x00001291   Thumb Code    32  wire_1.o(.text.SYS_UnlockReg)
    [Anonymous Symbol]                       0x00001290   Section        0  wire_1.o(.text.SYS_UnlockReg)
    SYS_UnlockReg                            0x000012b1   Thumb Code    32  spi2_1.o(.text.SYS_UnlockReg)
    [Anonymous Symbol]                       0x000012b0   Section        0  spi2_1.o(.text.SYS_UnlockReg)
    __arm_cp.1_0                             0x000012d0   Number         4  spi2_1.o(.text.SYS_UnlockReg)
    [Anonymous Symbol]                       0x000012d4   Section        0  retarget.o(.text.SendChar)
    [Anonymous Symbol]                       0x000012e4   Section        0  retarget.o(.text.SendChar_ToUART)
    __arm_cp.3_0                             0x00001324   Number         4  retarget.o(.text.SendChar_ToUART)
    [Anonymous Symbol]                       0x00001328   Section        0  system_m251.o(.text.SystemCoreClockUpdate)
    __arm_cp.0_0                             0x00001388   Number         4  system_m251.o(.text.SystemCoreClockUpdate)
    __arm_cp.0_1                             0x0000138c   Number         4  system_m251.o(.text.SystemCoreClockUpdate)
    __arm_cp.0_2                             0x00001390   Number         4  system_m251.o(.text.SystemCoreClockUpdate)
    __arm_cp.0_4                             0x00001394   Number         4  system_m251.o(.text.SystemCoreClockUpdate)
    __arm_cp.0_5                             0x00001398   Number         4  system_m251.o(.text.SystemCoreClockUpdate)
    __arm_cp.0_6                             0x0000139c   Number         4  system_m251.o(.text.SystemCoreClockUpdate)
    __arm_cp.0_7                             0x000013a0   Number         4  system_m251.o(.text.SystemCoreClockUpdate)
    [Anonymous Symbol]                       0x000013a4   Section        0  system_m251.o(.text.SystemInit)
    __arm_cp.1_0                             0x000013bc   Number         4  system_m251.o(.text.SystemInit)
    __arm_cp.1_1                             0x000013c0   Number         4  system_m251.o(.text.SystemInit)
    __arm_cp.1_2                             0x000013c4   Number         4  system_m251.o(.text.SystemInit)
    [Anonymous Symbol]                       0x000013c8   Section        0  m251_it.o(.text.UART1_IRQHandler)
    [Anonymous Symbol]                       0x000013ca   Section        0  m251_it.o(.text.UART2_IRQHandler)
    [Anonymous Symbol]                       0x000013cc   Section        0  uart.o(.text.UART_Open)
    __arm_cp.6_0                             0x0000154c   Number         4  uart.o(.text.UART_Open)
    __arm_cp.6_1                             0x00001550   Number         4  uart.o(.text.UART_Open)
    __arm_cp.6_2                             0x00001554   Number         4  uart.o(.text.UART_Open)
    __arm_cp.6_3                             0x00001558   Number         4  uart.o(.text.UART_Open)
    __arm_cp.6_4                             0x0000155c   Number         4  uart.o(.text.UART_Open)
    __arm_cp.6_5                             0x00001560   Number         4  uart.o(.text.UART_Open)
    __arm_cp.6_6                             0x00001564   Number         4  uart.o(.text.UART_Open)
    __arm_cp.6_7                             0x00001568   Number         4  uart.o(.text.UART_Open)
    __arm_cp.6_8                             0x0000156c   Number         4  uart.o(.text.UART_Open)
    __arm_cp.6_9                             0x00001570   Number         4  uart.o(.text.UART_Open)
    [Anonymous Symbol]                       0x00001574   Section        0  uart.o(.text.UART_Write)
    [Anonymous Symbol]                       0x000015e0   Section        0  system_m251.o(.text.Uart0DefaultMPF)
    __arm_cp.2_0                             0x00001604   Number         4  system_m251.o(.text.Uart0DefaultMPF)
    a_spi_cs_init                            0x00001609   Thumb Code    20  spi2_1.o(.text.a_spi_cs_init)
    [Anonymous Symbol]                       0x00001608   Section        0  spi2_1.o(.text.a_spi_cs_init)
    __arm_cp.2_0                             0x0000161c   Number         4  spi2_1.o(.text.a_spi_cs_init)
    a_st7789_draw_point                      0x00001621   Thumb Code   400  driver_st7789_1.o(.text.a_st7789_draw_point)
    [Anonymous Symbol]                       0x00001620   Section        0  driver_st7789_1.o(.text.a_st7789_draw_point)
    a_st7789_show_char                       0x000017b1   Thumb Code   364  driver_st7789_1.o(.text.a_st7789_show_char)
    [Anonymous Symbol]                       0x000017b0   Section        0  driver_st7789_1.o(.text.a_st7789_show_char)
    __arm_cp.84_0                            0x0000191c   Number         4  driver_st7789_1.o(.text.a_st7789_show_char)
    __arm_cp.84_1                            0x00001920   Number         4  driver_st7789_1.o(.text.a_st7789_show_char)
    __arm_cp.84_2                            0x00001924   Number         4  driver_st7789_1.o(.text.a_st7789_show_char)
    a_st7789_write_byte                      0x00001929   Thumb Code    88  driver_st7789_1.o(.text.a_st7789_write_byte)
    [Anonymous Symbol]                       0x00001928   Section        0  driver_st7789_1.o(.text.a_st7789_write_byte)
    a_st7789_write_bytes                     0x00001981   Thumb Code    92  driver_st7789_1.o(.text.a_st7789_write_bytes)
    [Anonymous Symbol]                       0x00001980   Section        0  driver_st7789_1.o(.text.a_st7789_write_bytes)
    [Anonymous Symbol]                       0x000019dc   Section        0  delay_1.o(.text.delay_ms)
    [Anonymous Symbol]                       0x000019f2   Section        0  retarget.o(.text.fputc)
    [Anonymous Symbol]                       0x00001a08   Section        0  main.o(.text.main)
    __arm_cp.2_28                            0x00001df0   Number         4  main.o(.text.main)
    __arm_cp.2_29                            0x00001df4   Number         4  main.o(.text.main)
    __arm_cp.2_30                            0x00001df8   Number         4  main.o(.text.main)
    __arm_cp.2_31                            0x00001dfc   Number         4  main.o(.text.main)
    __arm_cp.2_32                            0x00001e00   Number         4  main.o(.text.main)
    __arm_cp.2_33                            0x00001e04   Number         4  main.o(.text.main)
    __arm_cp.2_34                            0x00001e08   Number         4  main.o(.text.main)
    __arm_cp.2_35                            0x00001e0c   Number         4  main.o(.text.main)
    __arm_cp.2_37                            0x00001e14   Number         4  main.o(.text.main)
    __arm_cp.2_39                            0x00001e1c   Number         4  main.o(.text.main)
    __arm_cp.2_40                            0x00001e20   Number         4  main.o(.text.main)
    __arm_cp.2_41                            0x00001e24   Number         4  main.o(.text.main)
    __arm_cp.2_42                            0x00001e28   Number         4  main.o(.text.main)
    __arm_cp.2_43                            0x00001e2c   Number         4  main.o(.text.main)
    __arm_cp.2_44                            0x00001e30   Number         4  main.o(.text.main)
    __arm_cp.2_45                            0x00001e34   Number         4  main.o(.text.main)
    __arm_cp.2_46                            0x00001e38   Number         4  main.o(.text.main)
    __arm_cp.2_47                            0x00001e3c   Number         4  main.o(.text.main)
    __arm_cp.2_48                            0x00001e40   Number         4  main.o(.text.main)
    __arm_cp.2_49                            0x00001e44   Number         4  main.o(.text.main)
    __arm_cp.2_50                            0x00001e48   Number         4  main.o(.text.main)
    __arm_cp.2_51                            0x00001e4c   Number         4  main.o(.text.main)
    __arm_cp.2_52                            0x00001e50   Number         4  main.o(.text.main)
    __arm_cp.2_54                            0x00001e58   Number         4  main.o(.text.main)
    __arm_cp.2_55                            0x00001e5c   Number         4  main.o(.text.main)
    __arm_cp.2_8                             0x000021d0   Number         4  main.o(.text.main)
    __arm_cp.2_10                            0x000021d4   Number         4  main.o(.text.main)
    __arm_cp.2_25                            0x000021d8   Number         4  main.o(.text.main)
    [Anonymous Symbol]                       0x000021dc   Section        0  shell.o(.text.shell_init)
    __arm_cp.1_0                             0x000021ec   Number         4  shell.o(.text.shell_init)
    __arm_cp.1_1                             0x000021f0   Number         4  shell.o(.text.shell_init)
    [Anonymous Symbol]                       0x000021f4   Section        0  spi2_1.o(.text.spi_deinit)
    [Anonymous Symbol]                       0x00002200   Section        0  spi2_1.o(.text.spi_init)
    __arm_cp.0_0                             0x00002248   Number         4  spi2_1.o(.text.spi_init)
    __arm_cp.0_1                             0x0000224c   Number         4  spi2_1.o(.text.spi_init)
    __arm_cp.0_2                             0x00002250   Number         4  spi2_1.o(.text.spi_init)
    __arm_cp.0_3                             0x00002254   Number         4  spi2_1.o(.text.spi_init)
    __arm_cp.0_4                             0x00002258   Number         4  spi2_1.o(.text.spi_init)
    __arm_cp.0_5                             0x0000225c   Number         4  spi2_1.o(.text.spi_init)
    [Anonymous Symbol]                       0x00002260   Section        0  spi2_1.o(.text.spi_write_cmd)
    __arm_cp.4_0                             0x000022b8   Number         4  spi2_1.o(.text.spi_write_cmd)
    __arm_cp.4_1                             0x000022bc   Number         4  spi2_1.o(.text.spi_write_cmd)
    __arm_cp.4_2                             0x000022c0   Number         4  spi2_1.o(.text.spi_write_cmd)
    [Anonymous Symbol]                       0x000022c4   Section        0  driver_st7789_1.o(.text.st7789_clear)
    __arm_cp.78_0                            0x00002574   Number         4  driver_st7789_1.o(.text.st7789_clear)
    [Anonymous Symbol]                       0x00002578   Section        0  driver_st7789_1.o(.text.st7789_deinit)
    [Anonymous Symbol]                       0x00002602   Section        0  driver_st7789_1.o(.text.st7789_display_inversion_on)
    [Anonymous Symbol]                       0x00002650   Section        0  driver_st7789_1.o(.text.st7789_display_on)
    [Anonymous Symbol]                       0x0000269e   Section        0  driver_st7789_1.o(.text.st7789_draw_point)
    [Anonymous Symbol]                       0x0000271c   Section        0  driver_st7789_1.o(.text.st7789_fill_rect)
    __arm_cp.79_0                            0x00002b54   Number         4  driver_st7789_1.o(.text.st7789_fill_rect)
    [Anonymous Symbol]                       0x00002b58   Section        0  driver_st7789_1.o(.text.st7789_gate_line_convert_to_register)
    [Anonymous Symbol]                       0x00002ba0   Section        0  driver_st7789_1.o(.text.st7789_idle_mode_off)
    [Anonymous Symbol]                       0x00002bf0   Section        0  driver_st7789_1.o(.text.st7789_info)
    __arm_cp.89_0                            0x00002c68   Number         4  driver_st7789_1.o(.text.st7789_info)
    __arm_cp.89_1                            0x00002c6c   Number         4  driver_st7789_1.o(.text.st7789_info)
    __arm_cp.89_2                            0x00002c70   Number         4  driver_st7789_1.o(.text.st7789_info)
    __arm_cp.89_3                            0x00002c74   Number         4  driver_st7789_1.o(.text.st7789_info)
    __arm_cp.89_4                            0x00002c78   Number         4  driver_st7789_1.o(.text.st7789_info)
    __arm_cp.89_5                            0x00002c7c   Number         4  driver_st7789_1.o(.text.st7789_info)
    __arm_cp.89_6                            0x00002c80   Number         4  driver_st7789_1.o(.text.st7789_info)
    __arm_cp.89_7                            0x00002c84   Number         4  driver_st7789_1.o(.text.st7789_info)
    [Anonymous Symbol]                       0x00002c88   Section        0  driver_st7789_1.o(.text.st7789_init)
    [Anonymous Symbol]                       0x00002de4   Section        0  m251_driver_st7789_interface_1.o(.text.st7789_interface_cmd_data_gpio_deinit)
    [Anonymous Symbol]                       0x00002dec   Section        0  m251_driver_st7789_interface_1.o(.text.st7789_interface_cmd_data_gpio_init)
    [Anonymous Symbol]                       0x00002df4   Section        0  m251_driver_st7789_interface_1.o(.text.st7789_interface_cmd_data_gpio_write)
    [Anonymous Symbol]                       0x00002e08   Section        0  m251_driver_st7789_interface_1.o(.text.st7789_interface_debug_print)
    [Anonymous Symbol]                       0x00002e52   Section        0  m251_driver_st7789_interface_1.o(.text.st7789_interface_delay_ms)
    [Anonymous Symbol]                       0x00002e62   Section        0  m251_driver_st7789_interface_1.o(.text.st7789_interface_reset_gpio_deinit)
    [Anonymous Symbol]                       0x00002e6a   Section        0  m251_driver_st7789_interface_1.o(.text.st7789_interface_reset_gpio_init)
    [Anonymous Symbol]                       0x00002e72   Section        0  m251_driver_st7789_interface_1.o(.text.st7789_interface_reset_gpio_write)
    [Anonymous Symbol]                       0x00002e86   Section        0  m251_driver_st7789_interface_1.o(.text.st7789_interface_spi_deinit)
    [Anonymous Symbol]                       0x00002e8e   Section        0  m251_driver_st7789_interface_1.o(.text.st7789_interface_spi_init)
    [Anonymous Symbol]                       0x00002e98   Section        0  m251_driver_st7789_interface_1.o(.text.st7789_interface_spi_write_cmd)
    [Anonymous Symbol]                       0x00002eb4   Section        0  driver_st7789_1.o(.text.st7789_normal_display_mode_on)
    [Anonymous Symbol]                       0x00002f02   Section        0  driver_st7789_1.o(.text.st7789_set_brightness_control_and_color_enhancement)
    [Anonymous Symbol]                       0x00002f7e   Section        0  driver_st7789_1.o(.text.st7789_set_cabc_control)
    [Anonymous Symbol]                       0x00003002   Section        0  driver_st7789_1.o(.text.st7789_set_cabc_minimum_brightness)
    [Anonymous Symbol]                       0x0000306c   Section        0  driver_st7789_1.o(.text.st7789_set_column)
    [Anonymous Symbol]                       0x000030be   Section        0  driver_st7789_1.o(.text.st7789_set_command_2_enable)
    [Anonymous Symbol]                       0x00003136   Section        0  driver_st7789_1.o(.text.st7789_set_digital_gamma)
    [Anonymous Symbol]                       0x000031a4   Section        0  driver_st7789_1.o(.text.st7789_set_digital_gamma_look_up_table_blue)
    [Anonymous Symbol]                       0x0000320c   Section        0  driver_st7789_1.o(.text.st7789_set_digital_gamma_look_up_table_red)
    [Anonymous Symbol]                       0x00003274   Section        0  driver_st7789_1.o(.text.st7789_set_display_brightness)
    [Anonymous Symbol]                       0x000032de   Section        0  driver_st7789_1.o(.text.st7789_set_display_control)
    [Anonymous Symbol]                       0x0000335c   Section        0  driver_st7789_1.o(.text.st7789_set_equalize_time_control)
    [Anonymous Symbol]                       0x00003410   Section        0  driver_st7789_1.o(.text.st7789_set_frame_rate)
    [Anonymous Symbol]                       0x00003484   Section        0  driver_st7789_1.o(.text.st7789_set_frame_rate_control)
    [Anonymous Symbol]                       0x0000354e   Section        0  driver_st7789_1.o(.text.st7789_set_gamma)
    [Anonymous Symbol]                       0x000035bc   Section        0  driver_st7789_1.o(.text.st7789_set_gate)
    [Anonymous Symbol]                       0x00003668   Section        0  driver_st7789_1.o(.text.st7789_set_gate_control)
    [Anonymous Symbol]                       0x000036dc   Section        0  driver_st7789_1.o(.text.st7789_set_gate_on_timing_adjustment)
    [Anonymous Symbol]                       0x000037a6   Section        0  driver_st7789_1.o(.text.st7789_set_interface_pixel_format)
    [Anonymous Symbol]                       0x00003822   Section        0  driver_st7789_1.o(.text.st7789_set_lcm_control)
    [Anonymous Symbol]                       0x000038be   Section        0  driver_st7789_1.o(.text.st7789_set_memory_data_access_control)
    [Anonymous Symbol]                       0x00003928   Section        0  driver_st7789_1.o(.text.st7789_set_negative_voltage_gamma_control)
    [Anonymous Symbol]                       0x00003990   Section        0  driver_st7789_1.o(.text.st7789_set_partial_mode_control)
    [Anonymous Symbol]                       0x00003a0c   Section        0  driver_st7789_1.o(.text.st7789_set_porch)
    [Anonymous Symbol]                       0x00003b36   Section        0  driver_st7789_1.o(.text.st7789_set_positive_voltage_gamma_control)
    [Anonymous Symbol]                       0x00003b9e   Section        0  driver_st7789_1.o(.text.st7789_set_power_control_1)
    [Anonymous Symbol]                       0x00003c1e   Section        0  driver_st7789_1.o(.text.st7789_set_power_control_2)
    [Anonymous Symbol]                       0x00003c92   Section        0  driver_st7789_1.o(.text.st7789_set_program_mode_enable)
    [Anonymous Symbol]                       0x00003d0c   Section        0  driver_st7789_1.o(.text.st7789_set_pwm_frequency)
    [Anonymous Symbol]                       0x00003d78   Section        0  driver_st7789_1.o(.text.st7789_set_ram_control)
    [Anonymous Symbol]                       0x00003e0a   Section        0  driver_st7789_1.o(.text.st7789_set_rgb_interface_control)
    [Anonymous Symbol]                       0x00003ee6   Section        0  driver_st7789_1.o(.text.st7789_set_row)
    [Anonymous Symbol]                       0x00003f3c   Section        0  driver_st7789_1.o(.text.st7789_set_spi2_enable)
    [Anonymous Symbol]                       0x00003fb0   Section        0  driver_st7789_1.o(.text.st7789_set_vcoms)
    [Anonymous Symbol]                       0x00004036   Section        0  driver_st7789_1.o(.text.st7789_set_vcoms_offset)
    [Anonymous Symbol]                       0x000040bc   Section        0  driver_st7789_1.o(.text.st7789_set_vdv)
    [Anonymous Symbol]                       0x00004142   Section        0  driver_st7789_1.o(.text.st7789_set_vdv_vrh_from)
    [Anonymous Symbol]                       0x000041b2   Section        0  driver_st7789_1.o(.text.st7789_set_vrhs)
    [Anonymous Symbol]                       0x00004238   Section        0  driver_st7789_1.o(.text.st7789_sleep_out)
    [Anonymous Symbol]                       0x00004290   Section        0  driver_st7789_1.o(.text.st7789_vcom_convert_to_register)
    __arm_cp.40_0                            0x000042e4   Number         4  driver_st7789_1.o(.text.st7789_vcom_convert_to_register)
    [Anonymous Symbol]                       0x000042e8   Section        0  driver_st7789_1.o(.text.st7789_vcoms_offset_convert_to_register)
    [Anonymous Symbol]                       0x0000433c   Section        0  driver_st7789_1.o(.text.st7789_vdv_convert_to_register)
    __arm_cp.49_0                            0x00004390   Number         4  driver_st7789_1.o(.text.st7789_vdv_convert_to_register)
    __arm_cp.49_1                            0x00004394   Number         4  driver_st7789_1.o(.text.st7789_vdv_convert_to_register)
    [Anonymous Symbol]                       0x00004398   Section        0  driver_st7789_1.o(.text.st7789_vrhs_convert_to_register)
    __arm_cp.46_0                            0x000043ec   Number         4  driver_st7789_1.o(.text.st7789_vrhs_convert_to_register)
    __arm_cp.46_1                            0x000043f0   Number         4  driver_st7789_1.o(.text.st7789_vrhs_convert_to_register)
    [Anonymous Symbol]                       0x000043f4   Section        0  driver_st7789_1.o(.text.st7789_write_string)
    [Anonymous Symbol]                       0x00004534   Section        0  uart2_1.o(.text.uart_init)
    [Anonymous Symbol]                       0x00004548   Section        0  uart2_1.o(.text.uart_write)
    __arm_cp.2_0                             0x000045bc   Number         4  uart2_1.o(.text.uart_write)
    __arm_cp.2_1                             0x000045c0   Number         4  uart2_1.o(.text.uart_write)
    [Anonymous Symbol]                       0x000045c4   Section        0  wire_1.o(.text.wire_clock_deinit)
    [Anonymous Symbol]                       0x000045c8   Section        0  wire_1.o(.text.wire_clock_init)
    [Anonymous Symbol]                       0x000045e8   Section        0  wire_1.o(.text.wire_clock_write)
    __arm_cp.7_0                             0x0000460c   Number         4  wire_1.o(.text.wire_clock_write)
    [Anonymous Symbol]                       0x00004610   Section        0  wire_1.o(.text.wire_deinit)
    [Anonymous Symbol]                       0x00004628   Section        0  wire_1.o(.text.wire_init)
    [Anonymous Symbol]                       0x0000466c   Section        0  wire_1.o(.text.wire_write)
    __arm_cp.4_0                             0x00004690   Number         4  wire_1.o(.text.wire_write)
    __arm_cp.4_1                             0x00004694   Number         4  wire_1.o(.text.wire_write)
    i.__0printf                              0x00004698   Section        0  printfa.o(i.__0printf)
    i.__0snprintf                            0x000046b8   Section        0  printfa.o(i.__0snprintf)
    i.__0vsnprintf                           0x000046f0   Section        0  printfa.o(i.__0vsnprintf)
    i.__ARM_clz                              0x00004720   Section        0  depilogue.o(i.__ARM_clz)
    i.__scatterload_copy                     0x0000474e   Section       14  handlers.o(i.__scatterload_copy)
    i.__scatterload_null                     0x0000475c   Section        2  handlers.o(i.__scatterload_null)
    i.__scatterload_zeroinit                 0x0000475e   Section       14  handlers.o(i.__scatterload_zeroinit)
    _fp_digits                               0x0000476d   Thumb Code   344  printfa.o(i._fp_digits)
    i._fp_digits                             0x0000476c   Section        0  printfa.o(i._fp_digits)
    _printf_core                             0x000048e1   Thumb Code  1754  printfa.o(i._printf_core)
    i._printf_core                           0x000048e0   Section        0  printfa.o(i._printf_core)
    _printf_post_padding                     0x00004fcd   Thumb Code    32  printfa.o(i._printf_post_padding)
    i._printf_post_padding                   0x00004fcc   Section        0  printfa.o(i._printf_post_padding)
    _printf_pre_padding                      0x00004fed   Thumb Code    44  printfa.o(i._printf_pre_padding)
    i._printf_pre_padding                    0x00004fec   Section        0  printfa.o(i._printf_pre_padding)
    _snputc                                  0x00005019   Thumb Code    22  printfa.o(i._snputc)
    i._snputc                                0x00005018   Section        0  printfa.o(i._snputc)
    [Anonymous Symbol]                       0x00005030   Section        0  uart.o(.rodata..L__const.UART_Open.au32ClkTbl)
    [Anonymous Symbol]                       0x00005048   Section        0  main.o(.rodata..L__const.main.str)
    [Anonymous Symbol]                       0x00005079   Section        0  main.o(.rodata..L__const.main.type)
    gsc_st7789_ascii_1206                    0x000050bc   Data        1140  driver_st7789_1.o(.rodata.gsc_st7789_ascii_1206)
    [Anonymous Symbol]                       0x000050bc   Section        0  driver_st7789_1.o(.rodata.gsc_st7789_ascii_1206)
    gsc_st7789_ascii_1608                    0x00005530   Data        1520  driver_st7789_1.o(.rodata.gsc_st7789_ascii_1608)
    [Anonymous Symbol]                       0x00005530   Section        0  driver_st7789_1.o(.rodata.gsc_st7789_ascii_1608)
    gsc_st7789_ascii_2412                    0x00005b20   Data        3420  driver_st7789_1.o(.rodata.gsc_st7789_ascii_2412)
    [Anonymous Symbol]                       0x00005b20   Section        0  driver_st7789_1.o(.rodata.gsc_st7789_ascii_2412)
    [Anonymous Symbol]                       0x0000687c   Section        0  main.o(.rodata.str1.1)
    [Anonymous Symbol]                       0x00006881   Section        0  retarget.o(.rodata.str1.1)
    [Anonymous Symbol]                       0x00006890   Section        0  driver_st7789_1.o(.rodata.str1.1)
    _rand_state                              0x20000000   Data           4  rand.o(.data)
    .data                                    0x20000000   Section        4  rand.o(.data)
    g_ICE_Conneced                           0x20000010   Data           4  retarget.o(.data.g_ICE_Conneced)
    [Anonymous Symbol]                       0x20000010   Section        0  retarget.o(.data.g_ICE_Conneced)
    gs_handle                                0x20000074   Data        4156  main.o(.bss.gs_handle)
    [Anonymous Symbol]                       0x20000074   Section        0  main.o(.bss.gs_handle)
    gs_shell                                 0x200010b0   Data        1540  shell.o(.bss.gs_shell)
    [Anonymous Symbol]                       0x200010b0   Section        0  shell.o(.bss.gs_shell)
    STACK                                    0x200016c0   Section     2048  startup_m251.o(STACK)

    Global Symbols

    Symbol Name                              Value     Ov Type        Size  Object(Section)

    BuildAttributes$$THM_ISAv3M$S$8M$PE$A:L22$X:L11$S22$IEEE1$IW$~IW$USESV6$~STKCKD$USESV7$WCHAR32$ENUMINT$~SHL$OTIME$ROPI$EBA8$MICROLIB$REQ8$PRES8$EABIv2 0x00000000   Number         0  anon$$obj.o ABSOLUTE
    __Vectors                                0x00000000   Data           4  startup_m251.o(RESET)
    __cpp_initialize__aeabi_                  - Undefined Weak Reference
    __cxa_finalize                            - Undefined Weak Reference
    __decompress                              - Undefined Weak Reference
    _clock_init                               - Undefined Weak Reference
    _microlib_exit                            - Undefined Weak Reference
    __Vectors_End                            0x00000140   Data           0  startup_m251.o(RESET)
    __Vectors_Size                           0x00000140   Number         0  startup_m251.o ABSOLUTE
    __main                                   0x00000141   Thumb Code     0  entry.o(.ARM.Collect$$$$00000000)
    _main_stk                                0x00000141   Thumb Code     0  entry2.o(.ARM.Collect$$$$00000001)
    _main_scatterload                        0x00000145   Thumb Code     0  entry5.o(.ARM.Collect$$$$00000004)
    __main_after_scatterload                 0x00000149   Thumb Code     0  entry5.o(.ARM.Collect$$$$00000004)
    _main_clock                              0x00000149   Thumb Code     0  entry7b.o(.ARM.Collect$$$$00000008)
    _main_cpp_init                           0x00000149   Thumb Code     0  entry8b.o(.ARM.Collect$$$$0000000A)
    _main_init                               0x00000149   Thumb Code     0  entry9a.o(.ARM.Collect$$$$0000000B)
    __rt_final_cpp                           0x00000151   Thumb Code     0  entry10a.o(.ARM.Collect$$$$0000000D)
    __rt_final_exit                          0x00000151   Thumb Code     0  entry11a.o(.ARM.Collect$$$$0000000F)
    Reset_Handler                            0x00000155   Thumb Code    56  startup_m251.o(.text)
    SysTick_Handler                          0x000001a3   Thumb Code     2  startup_m251.o(.text)
    ACMP01_IRQHandler                        0x000001a5   Thumb Code     0  startup_m251.o(.text)
    BOD_IRQHandler                           0x000001a5   Thumb Code     0  startup_m251.o(.text)
    BPWM0_IRQHandler                         0x000001a5   Thumb Code     0  startup_m251.o(.text)
    BPWM1_IRQHandler                         0x000001a5   Thumb Code     0  startup_m251.o(.text)
    BRAKE0_IRQHandler                        0x000001a5   Thumb Code     0  startup_m251.o(.text)
    BRAKE1_IRQHandler                        0x000001a5   Thumb Code     0  startup_m251.o(.text)
    CLKFAIL_IRQHandler                       0x000001a5   Thumb Code     0  startup_m251.o(.text)
    CRPT_IRQHandler                          0x000001a5   Thumb Code     0  startup_m251.o(.text)
    DAC_IRQHandler                           0x000001a5   Thumb Code     0  startup_m251.o(.text)
    DEFAULT_IRQHandler                       0x000001a5   Thumb Code     0  startup_m251.o(.text)
    EADC_INT0_IRQHandler                     0x000001a5   Thumb Code     0  startup_m251.o(.text)
    EADC_INT1_IRQHandler                     0x000001a5   Thumb Code     0  startup_m251.o(.text)
    EADC_INT2_IRQHandler                     0x000001a5   Thumb Code     0  startup_m251.o(.text)
    EADC_INT3_IRQHandler                     0x000001a5   Thumb Code     0  startup_m251.o(.text)
    EINT0_IRQHandler                         0x000001a5   Thumb Code     0  startup_m251.o(.text)
    EINT1_IRQHandler                         0x000001a5   Thumb Code     0  startup_m251.o(.text)
    EINT2_IRQHandler                         0x000001a5   Thumb Code     0  startup_m251.o(.text)
    EINT3_IRQHandler                         0x000001a5   Thumb Code     0  startup_m251.o(.text)
    EINT4_IRQHandler                         0x000001a5   Thumb Code     0  startup_m251.o(.text)
    EINT5_IRQHandler                         0x000001a5   Thumb Code     0  startup_m251.o(.text)
    GPA_IRQHandler                           0x000001a5   Thumb Code     0  startup_m251.o(.text)
    GPB_IRQHandler                           0x000001a5   Thumb Code     0  startup_m251.o(.text)
    GPC_IRQHandler                           0x000001a5   Thumb Code     0  startup_m251.o(.text)
    GPD_IRQHandler                           0x000001a5   Thumb Code     0  startup_m251.o(.text)
    GPE_IRQHandler                           0x000001a5   Thumb Code     0  startup_m251.o(.text)
    GPF_IRQHandler                           0x000001a5   Thumb Code     0  startup_m251.o(.text)
    I2C0_IRQHandler                          0x000001a5   Thumb Code     0  startup_m251.o(.text)
    I2C1_IRQHandler                          0x000001a5   Thumb Code     0  startup_m251.o(.text)
    IRCTRIM_IRQHandler                       0x000001a5   Thumb Code     0  startup_m251.o(.text)
    LCD_IRQHandler                           0x000001a5   Thumb Code     0  startup_m251.o(.text)
    OPA_IRQHandler                           0x000001a5   Thumb Code     0  startup_m251.o(.text)
    PDMA_IRQHandler                          0x000001a5   Thumb Code     0  startup_m251.o(.text)
    PSIO_IRQHandler                          0x000001a5   Thumb Code     0  startup_m251.o(.text)
    PWM0_P0_IRQHandler                       0x000001a5   Thumb Code     0  startup_m251.o(.text)
    PWM0_P1_IRQHandler                       0x000001a5   Thumb Code     0  startup_m251.o(.text)
    PWM0_P2_IRQHandler                       0x000001a5   Thumb Code     0  startup_m251.o(.text)
    PWM1_P0_IRQHandler                       0x000001a5   Thumb Code     0  startup_m251.o(.text)
    PWM1_P1_IRQHandler                       0x000001a5   Thumb Code     0  startup_m251.o(.text)
    PWM1_P2_IRQHandler                       0x000001a5   Thumb Code     0  startup_m251.o(.text)
    PWRWU_IRQHandler                         0x000001a5   Thumb Code     0  startup_m251.o(.text)
    QSPI0_IRQHandler                         0x000001a5   Thumb Code     0  startup_m251.o(.text)
    RTC_IRQHandler                           0x000001a5   Thumb Code     0  startup_m251.o(.text)
    SC0_IRQHandler                           0x000001a5   Thumb Code     0  startup_m251.o(.text)
    SPI0_IRQHandler                          0x000001a5   Thumb Code     0  startup_m251.o(.text)
    SPI1_IRQHandler                          0x000001a5   Thumb Code     0  startup_m251.o(.text)
    TAMPER_IRQHandler                        0x000001a5   Thumb Code     0  startup_m251.o(.text)
    TK_IRQHandler                            0x000001a5   Thumb Code     0  startup_m251.o(.text)
    TMR0_IRQHandler                          0x000001a5   Thumb Code     0  startup_m251.o(.text)
    TMR1_IRQHandler                          0x000001a5   Thumb Code     0  startup_m251.o(.text)
    TMR2_IRQHandler                          0x000001a5   Thumb Code     0  startup_m251.o(.text)
    TMR3_IRQHandler                          0x000001a5   Thumb Code     0  startup_m251.o(.text)
    UART0_IRQHandler                         0x000001a5   Thumb Code     0  startup_m251.o(.text)
    UART3_IRQHandler                         0x000001a5   Thumb Code     0  startup_m251.o(.text)
    USBD_IRQHandler                          0x000001a5   Thumb Code     0  startup_m251.o(.text)
    USCI0_IRQHandler                         0x000001a5   Thumb Code     0  startup_m251.o(.text)
    USCI1_IRQHandler                         0x000001a5   Thumb Code     0  startup_m251.o(.text)
    USCI2_IRQHandler                         0x000001a5   Thumb Code     0  startup_m251.o(.text)
    WDT_IRQHandler                           0x000001a5   Thumb Code     0  startup_m251.o(.text)
    WWDT_IRQHandler                          0x000001a5   Thumb Code     0  startup_m251.o(.text)
    SH_DoCommand                             0x000001a9   Thumb Code    10  startup_m251.o(.text)
    __PC                                     0x000001b3   Thumb Code     6  startup_m251.o(.text)
    rand                                     0x000001d9   Thumb Code    18  rand.o(.text)
    srand                                    0x000001eb   Thumb Code     6  rand.o(.text)
    __aeabi_memcpy                           0x000001fd   Thumb Code    36  memcpya.o(.text)
    __aeabi_memcpy4                          0x000001fd   Thumb Code     0  memcpya.o(.text)
    __aeabi_memcpy8                          0x000001fd   Thumb Code     0  memcpya.o(.text)
    __aeabi_memset                           0x00000221   Thumb Code    14  memseta.o(.text)
    __aeabi_memset4                          0x00000221   Thumb Code     0  memseta.o(.text)
    __aeabi_memset8                          0x00000221   Thumb Code     0  memseta.o(.text)
    __aeabi_memclr                           0x0000022f   Thumb Code     4  memseta.o(.text)
    __aeabi_memclr4                          0x0000022f   Thumb Code     0  memseta.o(.text)
    __aeabi_memclr8                          0x0000022f   Thumb Code     0  memseta.o(.text)
    _memset$wrapper                          0x00000233   Thumb Code    18  memseta.o(.text)
    strncpy                                  0x00000245   Thumb Code    26  strncpy.o(.text)
    strlen                                   0x0000025f   Thumb Code    14  strlen.o(.text)
    __aeabi_fadd                             0x0000026d   Thumb Code   162  fadd.o(.text)
    __aeabi_fsub                             0x0000030f   Thumb Code     8  fadd.o(.text)
    __aeabi_frsub                            0x00000317   Thumb Code     8  fadd.o(.text)
    __aeabi_fdiv                             0x0000031f   Thumb Code   124  fdiv.o(.text)
    __aeabi_f2iz                             0x0000039b   Thumb Code    50  ffixi.o(.text)
    __aeabi_uldivmod                         0x000003cd   Thumb Code    96  uldiv.o(.text)
    __I$use$fp                               0x0000042d   Thumb Code     0  iusefp.o(.text)
    _float_round                             0x0000042d   Thumb Code    16  fepilogue.o(.text)
    _float_epilogue                          0x0000043d   Thumb Code   114  fepilogue.o(.text)
    __aeabi_dadd                             0x000004b1   Thumb Code   328  dadd.o(.text)
    __aeabi_dsub                             0x000005f9   Thumb Code    12  dadd.o(.text)
    __aeabi_drsub                            0x00000605   Thumb Code    12  dadd.o(.text)
    __aeabi_dmul                             0x00000615   Thumb Code   202  dmul.o(.text)
    __aeabi_ddiv                             0x000006e5   Thumb Code   234  ddiv.o(.text)
    __aeabi_d2ulz                            0x000007d5   Thumb Code    54  dfixul.o(.text)
    __aeabi_cdrcmple                         0x00000815   Thumb Code    38  cdrcmple.o(.text)
    __scatterload                            0x0000083d   Thumb Code    38  init.o(.text)
    __scatterload_rt2                        0x0000083d   Thumb Code     0  init.o(.text)
    __aeabi_uidiv$div0                       0x0000086d   Thumb Code     0  uidiv_div0.o(.text)
    __aeabi_uidivmod                         0x0000086d   Thumb Code    62  uidiv_div0.o(.text)
    __aeabi_llsl                             0x000008ab   Thumb Code    32  llshl.o(.text)
    _ll_shift_l                              0x000008ab   Thumb Code     0  llshl.o(.text)
    __aeabi_llsr                             0x000008cb   Thumb Code    34  llushr.o(.text)
    _ll_ushift_r                             0x000008cb   Thumb Code     0  llushr.o(.text)
    __aeabi_lasr                             0x000008ed   Thumb Code    38  llsshr.o(.text)
    _ll_sshift_r                             0x000008ed   Thumb Code     0  llsshr.o(.text)
    _double_round                            0x00000913   Thumb Code    26  depilogue.o(.text)
    _double_epilogue                         0x0000092d   Thumb Code   164  depilogue.o(.text)
    CLK_DisablePLL                           0x000009d1   Thumb Code    16  clk.o(.text.CLK_DisablePLL)
    CLK_EnableModuleClock                    0x000009e1   Thumb Code    48  clk.o(.text.CLK_EnableModuleClock)
    CLK_EnableXtalRC                         0x00000a15   Thumb Code    20  clk.o(.text.CLK_EnableXtalRC)
    CLK_GetHCLKFreq                          0x00000a29   Thumb Code    12  clk.o(.text.CLK_GetHCLKFreq)
    CLK_GetPCLK0Freq                         0x00000a35   Thumb Code   128  clk.o(.text.CLK_GetPCLK0Freq)
    CLK_GetPCLK1Freq                         0x00000ab5   Thumb Code   132  clk.o(.text.CLK_GetPCLK1Freq)
    CLK_GetPLLClockFreq                      0x00000b3d   Thumb Code   160  clk.o(.text.CLK_GetPLLClockFreq)
    CLK_SetHCLK                              0x00000bed   Thumb Code    92  clk.o(.text.CLK_SetHCLK)
    CLK_SetModuleClock                       0x00000c4d   Thumb Code   152  clk.o(.text.CLK_SetModuleClock)
    CLK_WaitClockReady                       0x00000d35   Thumb Code    76  clk.o(.text.CLK_WaitClockReady)
    GPIO_SetMode                             0x00000d95   Thumb Code    74  gpio.o(.text.GPIO_SetMode)
    GetChar                                  0x00000de1   Thumb Code    24  retarget.o(.text.GetChar)
    HardFault_Handler                        0x00000e01   Thumb Code     4  m251_it.o(.text.HardFault_Handler)
    NMI_Handler                              0x00000e05   Thumb Code     2  m251_it.o(.text.NMI_Handler)
    PendSV_Handler                           0x00000e07   Thumb Code     2  m251_it.o(.text.PendSV_Handler)
    ProcessHardFault                         0x00000e09   Thumb Code   112  retarget.o(.text.ProcessHardFault)
    SH_Return                                0x00000e85   Thumb Code    14  retarget.o(.text.SH_Return)
    SPI_Close                                0x00000e95   Thumb Code    72  spi.o(.text.SPI_Close)
    SPI_EnableAutoSS                         0x00000ee1   Thumb Code    36  spi.o(.text.SPI_EnableAutoSS)
    SPI_Open                                 0x00000f05   Thumb Code   580  spi.o(.text.SPI_Open)
    SVC_Handler                              0x00001165   Thumb Code     2  m251_it.o(.text.SVC_Handler)
    SYS_Init                                 0x00001169   Thumb Code   196  main.o(.text.SYS_Init)
    SendChar                                 0x000012d5   Thumb Code    16  retarget.o(.text.SendChar)
    SendChar_ToUART                          0x000012e5   Thumb Code    64  retarget.o(.text.SendChar_ToUART)
    SystemCoreClockUpdate                    0x00001329   Thumb Code    96  system_m251.o(.text.SystemCoreClockUpdate)
    SystemInit                               0x000013a5   Thumb Code    24  system_m251.o(.text.SystemInit)
    UART1_IRQHandler                         0x000013c9   Thumb Code     2  m251_it.o(.text.UART1_IRQHandler)
    UART2_IRQHandler                         0x000013cb   Thumb Code     2  m251_it.o(.text.UART2_IRQHandler)
    UART_Open                                0x000013cd   Thumb Code   384  uart.o(.text.UART_Open)
    UART_Write                               0x00001575   Thumb Code   106  uart.o(.text.UART_Write)
    Uart0DefaultMPF                          0x000015e1   Thumb Code    36  system_m251.o(.text.Uart0DefaultMPF)
    delay_ms                                 0x000019dd   Thumb Code    22  delay_1.o(.text.delay_ms)
    fputc                                    0x000019f3   Thumb Code    20  retarget.o(.text.fputc)
    main                                     0x00001a09   Thumb Code  1992  main.o(.text.main)
    shell_init                               0x000021dd   Thumb Code    16  shell.o(.text.shell_init)
    spi_deinit                               0x000021f5   Thumb Code    12  spi2_1.o(.text.spi_deinit)
    spi_init                                 0x00002201   Thumb Code    72  spi2_1.o(.text.spi_init)
    spi_write_cmd                            0x00002261   Thumb Code    88  spi2_1.o(.text.spi_write_cmd)
    st7789_clear                             0x000022c5   Thumb Code   688  driver_st7789_1.o(.text.st7789_clear)
    st7789_deinit                            0x00002579   Thumb Code   138  driver_st7789_1.o(.text.st7789_deinit)
    st7789_display_inversion_on              0x00002603   Thumb Code    78  driver_st7789_1.o(.text.st7789_display_inversion_on)
    st7789_display_on                        0x00002651   Thumb Code    78  driver_st7789_1.o(.text.st7789_display_on)
    st7789_draw_point                        0x0000269f   Thumb Code   124  driver_st7789_1.o(.text.st7789_draw_point)
    st7789_fill_rect                         0x0000271d   Thumb Code  1080  driver_st7789_1.o(.text.st7789_fill_rect)
    st7789_gate_line_convert_to_register     0x00002b59   Thumb Code    72  driver_st7789_1.o(.text.st7789_gate_line_convert_to_register)
    st7789_idle_mode_off                     0x00002ba1   Thumb Code    78  driver_st7789_1.o(.text.st7789_idle_mode_off)
    st7789_info                              0x00002bf1   Thumb Code   120  driver_st7789_1.o(.text.st7789_info)
    st7789_init                              0x00002c89   Thumb Code   348  driver_st7789_1.o(.text.st7789_init)
    st7789_interface_cmd_data_gpio_deinit    0x00002de5   Thumb Code     8  m251_driver_st7789_interface_1.o(.text.st7789_interface_cmd_data_gpio_deinit)
    st7789_interface_cmd_data_gpio_init      0x00002ded   Thumb Code     8  m251_driver_st7789_interface_1.o(.text.st7789_interface_cmd_data_gpio_init)
    st7789_interface_cmd_data_gpio_write     0x00002df5   Thumb Code    20  m251_driver_st7789_interface_1.o(.text.st7789_interface_cmd_data_gpio_write)
    st7789_interface_debug_print             0x00002e09   Thumb Code    74  m251_driver_st7789_interface_1.o(.text.st7789_interface_debug_print)
    st7789_interface_delay_ms                0x00002e53   Thumb Code    16  m251_driver_st7789_interface_1.o(.text.st7789_interface_delay_ms)
    st7789_interface_reset_gpio_deinit       0x00002e63   Thumb Code     8  m251_driver_st7789_interface_1.o(.text.st7789_interface_reset_gpio_deinit)
    st7789_interface_reset_gpio_init         0x00002e6b   Thumb Code     8  m251_driver_st7789_interface_1.o(.text.st7789_interface_reset_gpio_init)
    st7789_interface_reset_gpio_write        0x00002e73   Thumb Code    20  m251_driver_st7789_interface_1.o(.text.st7789_interface_reset_gpio_write)
    st7789_interface_spi_deinit              0x00002e87   Thumb Code     8  m251_driver_st7789_interface_1.o(.text.st7789_interface_spi_deinit)
    st7789_interface_spi_init                0x00002e8f   Thumb Code    10  m251_driver_st7789_interface_1.o(.text.st7789_interface_spi_init)
    st7789_interface_spi_write_cmd           0x00002e99   Thumb Code    28  m251_driver_st7789_interface_1.o(.text.st7789_interface_spi_write_cmd)
    st7789_normal_display_mode_on            0x00002eb5   Thumb Code    78  driver_st7789_1.o(.text.st7789_normal_display_mode_on)
    st7789_set_brightness_control_and_color_enhancement 0x00002f03   Thumb Code   124  driver_st7789_1.o(.text.st7789_set_brightness_control_and_color_enhancement)
    st7789_set_cabc_control                  0x00002f7f   Thumb Code   132  driver_st7789_1.o(.text.st7789_set_cabc_control)
    st7789_set_cabc_minimum_brightness       0x00003003   Thumb Code   106  driver_st7789_1.o(.text.st7789_set_cabc_minimum_brightness)
    st7789_set_column                        0x0000306d   Thumb Code    82  driver_st7789_1.o(.text.st7789_set_column)
    st7789_set_command_2_enable              0x000030bf   Thumb Code   120  driver_st7789_1.o(.text.st7789_set_command_2_enable)
    st7789_set_digital_gamma                 0x00003137   Thumb Code   110  driver_st7789_1.o(.text.st7789_set_digital_gamma)
    st7789_set_digital_gamma_look_up_table_blue 0x000031a5   Thumb Code   104  driver_st7789_1.o(.text.st7789_set_digital_gamma_look_up_table_blue)
    st7789_set_digital_gamma_look_up_table_red 0x0000320d   Thumb Code   104  driver_st7789_1.o(.text.st7789_set_digital_gamma_look_up_table_red)
    st7789_set_display_brightness            0x00003275   Thumb Code   106  driver_st7789_1.o(.text.st7789_set_display_brightness)
    st7789_set_display_control               0x000032df   Thumb Code   126  driver_st7789_1.o(.text.st7789_set_display_control)
    st7789_set_equalize_time_control         0x0000335d   Thumb Code   180  driver_st7789_1.o(.text.st7789_set_equalize_time_control)
    st7789_set_frame_rate                    0x00003411   Thumb Code   116  driver_st7789_1.o(.text.st7789_set_frame_rate)
    st7789_set_frame_rate_control            0x00003485   Thumb Code   202  driver_st7789_1.o(.text.st7789_set_frame_rate_control)
    st7789_set_gamma                         0x0000354f   Thumb Code   110  driver_st7789_1.o(.text.st7789_set_gamma)
    st7789_set_gate                          0x000035bd   Thumb Code   172  driver_st7789_1.o(.text.st7789_set_gate)
    st7789_set_gate_control                  0x00003669   Thumb Code   116  driver_st7789_1.o(.text.st7789_set_gate_control)
    st7789_set_gate_on_timing_adjustment     0x000036dd   Thumb Code   202  driver_st7789_1.o(.text.st7789_set_gate_on_timing_adjustment)
    st7789_set_interface_pixel_format        0x000037a7   Thumb Code   124  driver_st7789_1.o(.text.st7789_set_interface_pixel_format)
    st7789_set_lcm_control                   0x00003823   Thumb Code   156  driver_st7789_1.o(.text.st7789_set_lcm_control)
    st7789_set_memory_data_access_control    0x000038bf   Thumb Code   106  driver_st7789_1.o(.text.st7789_set_memory_data_access_control)
    st7789_set_negative_voltage_gamma_control 0x00003929   Thumb Code   104  driver_st7789_1.o(.text.st7789_set_negative_voltage_gamma_control)
    st7789_set_partial_mode_control          0x00003991   Thumb Code   124  driver_st7789_1.o(.text.st7789_set_partial_mode_control)
    st7789_set_porch                         0x00003a0d   Thumb Code   298  driver_st7789_1.o(.text.st7789_set_porch)
    st7789_set_positive_voltage_gamma_control 0x00003b37   Thumb Code   104  driver_st7789_1.o(.text.st7789_set_positive_voltage_gamma_control)
    st7789_set_power_control_1               0x00003b9f   Thumb Code   128  driver_st7789_1.o(.text.st7789_set_power_control_1)
    st7789_set_power_control_2               0x00003c1f   Thumb Code   116  driver_st7789_1.o(.text.st7789_set_power_control_2)
    st7789_set_program_mode_enable           0x00003c93   Thumb Code   122  driver_st7789_1.o(.text.st7789_set_program_mode_enable)
    st7789_set_pwm_frequency                 0x00003d0d   Thumb Code   108  driver_st7789_1.o(.text.st7789_set_pwm_frequency)
    st7789_set_ram_control                   0x00003d79   Thumb Code   146  driver_st7789_1.o(.text.st7789_set_ram_control)
    st7789_set_rgb_interface_control         0x00003e0b   Thumb Code   220  driver_st7789_1.o(.text.st7789_set_rgb_interface_control)
    st7789_set_row                           0x00003ee7   Thumb Code    86  driver_st7789_1.o(.text.st7789_set_row)
    st7789_set_spi2_enable                   0x00003f3d   Thumb Code   116  driver_st7789_1.o(.text.st7789_set_spi2_enable)
    st7789_set_vcoms                         0x00003fb1   Thumb Code   134  driver_st7789_1.o(.text.st7789_set_vcoms)
    st7789_set_vcoms_offset                  0x00004037   Thumb Code   134  driver_st7789_1.o(.text.st7789_set_vcoms_offset)
    st7789_set_vdv                           0x000040bd   Thumb Code   134  driver_st7789_1.o(.text.st7789_set_vdv)
    st7789_set_vdv_vrh_from                  0x00004143   Thumb Code   112  driver_st7789_1.o(.text.st7789_set_vdv_vrh_from)
    st7789_set_vrhs                          0x000041b3   Thumb Code   134  driver_st7789_1.o(.text.st7789_set_vrhs)
    st7789_sleep_out                         0x00004239   Thumb Code    86  driver_st7789_1.o(.text.st7789_sleep_out)
    st7789_vcom_convert_to_register          0x00004291   Thumb Code    84  driver_st7789_1.o(.text.st7789_vcom_convert_to_register)
    st7789_vcoms_offset_convert_to_register  0x000042e9   Thumb Code    84  driver_st7789_1.o(.text.st7789_vcoms_offset_convert_to_register)
    st7789_vdv_convert_to_register           0x0000433d   Thumb Code    84  driver_st7789_1.o(.text.st7789_vdv_convert_to_register)
    st7789_vrhs_convert_to_register          0x00004399   Thumb Code    84  driver_st7789_1.o(.text.st7789_vrhs_convert_to_register)
    st7789_write_string                      0x000043f5   Thumb Code   318  driver_st7789_1.o(.text.st7789_write_string)
    uart_init                                0x00004535   Thumb Code    20  uart2_1.o(.text.uart_init)
    uart_write                               0x00004549   Thumb Code   116  uart2_1.o(.text.uart_write)
    wire_clock_deinit                        0x000045c5   Thumb Code     4  wire_1.o(.text.wire_clock_deinit)
    wire_clock_init                          0x000045c9   Thumb Code    32  wire_1.o(.text.wire_clock_init)
    wire_clock_write                         0x000045e9   Thumb Code    36  wire_1.o(.text.wire_clock_write)
    wire_deinit                              0x00004611   Thumb Code    24  wire_1.o(.text.wire_deinit)
    wire_init                                0x00004629   Thumb Code    68  wire_1.o(.text.wire_init)
    wire_write                               0x0000466d   Thumb Code    36  wire_1.o(.text.wire_write)
    __0printf                                0x00004699   Thumb Code    24  printfa.o(i.__0printf)
    __1printf                                0x00004699   Thumb Code     0  printfa.o(i.__0printf)
    __2printf                                0x00004699   Thumb Code     0  printfa.o(i.__0printf)
    __c89printf                              0x00004699   Thumb Code     0  printfa.o(i.__0printf)
    printf                                   0x00004699   Thumb Code     0  printfa.o(i.__0printf)
    __0snprintf                              0x000046b9   Thumb Code    50  printfa.o(i.__0snprintf)
    __1snprintf                              0x000046b9   Thumb Code     0  printfa.o(i.__0snprintf)
    __2snprintf                              0x000046b9   Thumb Code     0  printfa.o(i.__0snprintf)
    __c89snprintf                            0x000046b9   Thumb Code     0  printfa.o(i.__0snprintf)
    snprintf                                 0x000046b9   Thumb Code     0  printfa.o(i.__0snprintf)
    __0vsnprintf                             0x000046f1   Thumb Code    44  printfa.o(i.__0vsnprintf)
    __1vsnprintf                             0x000046f1   Thumb Code     0  printfa.o(i.__0vsnprintf)
    __2vsnprintf                             0x000046f1   Thumb Code     0  printfa.o(i.__0vsnprintf)
    __c89vsnprintf                           0x000046f1   Thumb Code     0  printfa.o(i.__0vsnprintf)
    vsnprintf                                0x000046f1   Thumb Code     0  printfa.o(i.__0vsnprintf)
    __ARM_clz                                0x00004721   Thumb Code    46  depilogue.o(i.__ARM_clz)
    __scatterload_copy                       0x0000474f   Thumb Code    14  handlers.o(i.__scatterload_copy)
    __scatterload_null                       0x0000475d   Thumb Code     2  handlers.o(i.__scatterload_null)
    __scatterload_zeroinit                   0x0000475f   Thumb Code    14  handlers.o(i.__scatterload_zeroinit)
    gau32ClkSrcTbl                           0x0000509c   Data          32  system_m251.o(.rodata.gau32ClkSrcTbl)
    Region$$Table$$Base                      0x000068b0   Number         0  anon$$obj.o(Region$$Table)
    Region$$Table$$Limit                     0x000068d0   Number         0  anon$$obj.o(Region$$Table)
    CyclesPerUs                              0x20000004   Data           4  system_m251.o(.data.CyclesPerUs)
    PllClock                                 0x20000008   Data           4  system_m251.o(.data.PllClock)
    SystemCoreClock                          0x2000000c   Data           4  system_m251.o(.data.SystemCoreClock)
    __stdout                                 0x20000018   Data          84  retarget.o(.bss.__stdout)
    g_CLK_i32ErrCode                         0x2000006c   Data           4  clk.o(.bss.g_CLK_i32ErrCode)
    g_uart_tx_done                           0x20000070   Data           1  uart2_1.o(.bss.g_uart_tx_done)
    optarg                                   0x200016b4   Data           4  getopt.o(.bss.optarg)
    res                                      0x200016b8   Data           1  main.o(.bss.res)
    __initial_sp                             0x20001ec0   Data           0  startup_m251.o(STACK)



==============================================================================

Memory Map of the image

  Image Entry point : 0x00000155

  Load Region LR_1 (Base: 0x00000000, Size: 0x000068e4, Max: 0xffffffff, ABSOLUTE)

    Execution Region ER_RO (Exec base: 0x00000000, Load base: 0x00000000, Size: 0x000068d0, Max: 0xffffffff, ABSOLUTE)

    Exec Addr    Load Addr    Size         Type   Attr      Idx    E Section Name        Object

    0x00000000   0x00000000   0x00000140   Data   RO           20    RESET               startup_m251.o
    0x00000140   0x00000140   0x00000000   Code   RO          964  * .ARM.Collect$$$$00000000  mc_p.l(entry.o)
    0x00000140   0x00000140   0x00000004   Code   RO         1024    .ARM.Collect$$$$00000001  mc_p.l(entry2.o)
    0x00000144   0x00000144   0x00000004   Code   RO         1027    .ARM.Collect$$$$00000004  mc_p.l(entry5.o)
    0x00000148   0x00000148   0x00000000   Code   RO         1029    .ARM.Collect$$$$00000008  mc_p.l(entry7b.o)
    0x00000148   0x00000148   0x00000000   Code   RO         1031    .ARM.Collect$$$$0000000A  mc_p.l(entry8b.o)
    0x00000148   0x00000148   0x00000008   Code   RO         1032    .ARM.Collect$$$$0000000B  mc_p.l(entry9a.o)
    0x00000150   0x00000150   0x00000000   Code   RO         1034    .ARM.Collect$$$$0000000D  mc_p.l(entry10a.o)
    0x00000150   0x00000150   0x00000000   Code   RO         1036    .ARM.Collect$$$$0000000F  mc_p.l(entry11a.o)
    0x00000150   0x00000150   0x00000004   Code   RO         1025    .ARM.Collect$$$$00002712  mc_p.l(entry2.o)
    0x00000154   0x00000154   0x00000084   Code   RO           21  * .text               startup_m251.o
    0x000001d8   0x000001d8   0x00000024   Code   RO          965    .text               mc_p.l(rand.o)
    0x000001fc   0x000001fc   0x00000024   Code   RO          970    .text               mc_p.l(memcpya.o)
    0x00000220   0x00000220   0x00000024   Code   RO          972    .text               mc_p.l(memseta.o)
    0x00000244   0x00000244   0x0000001a   Code   RO          974    .text               mc_p.l(strncpy.o)
    0x0000025e   0x0000025e   0x0000000e   Code   RO          976    .text               mc_p.l(strlen.o)
    0x0000026c   0x0000026c   0x000000b2   Code   RO         1012    .text               mf_p.l(fadd.o)
    0x0000031e   0x0000031e   0x0000007c   Code   RO         1016    .text               mf_p.l(fdiv.o)
    0x0000039a   0x0000039a   0x00000032   Code   RO         1020    .text               mf_p.l(ffixi.o)
    0x000003cc   0x000003cc   0x00000060   Code   RO         1042    .text               mc_p.l(uldiv.o)
    0x0000042c   0x0000042c   0x00000000   Code   RO         1044    .text               mc_p.l(iusefp.o)
    0x0000042c   0x0000042c   0x00000082   Code   RO         1045    .text               mf_p.l(fepilogue.o)
    0x000004ae   0x000004ae   0x00000002   PAD
    0x000004b0   0x000004b0   0x00000164   Code   RO         1047    .text               mf_p.l(dadd.o)
    0x00000614   0x00000614   0x000000d0   Code   RO         1049    .text               mf_p.l(dmul.o)
    0x000006e4   0x000006e4   0x000000f0   Code   RO         1051    .text               mf_p.l(ddiv.o)
    0x000007d4   0x000007d4   0x00000040   Code   RO         1053    .text               mf_p.l(dfixul.o)
    0x00000814   0x00000814   0x00000028   Code   RO         1055    .text               mf_p.l(cdrcmple.o)
    0x0000083c   0x0000083c   0x00000030   Code   RO         1057    .text               mc_p.l(init.o)
    0x0000086c   0x0000086c   0x0000003e   Code   RO         1061    .text               mc_p.l(uidiv_div0.o)
    0x000008aa   0x000008aa   0x00000020   Code   RO         1067    .text               mc_p.l(llshl.o)
    0x000008ca   0x000008ca   0x00000022   Code   RO         1069    .text               mc_p.l(llushr.o)
    0x000008ec   0x000008ec   0x00000026   Code   RO         1071    .text               mc_p.l(llsshr.o)
    0x00000912   0x00000912   0x000000be   Code   RO         1073    .text               mf_p.l(depilogue.o)
    0x000009d0   0x000009d0   0x00000010   Code   RO          216    .text.CLK_DisablePLL  clk.o
    0x000009e0   0x000009e0   0x00000034   Code   RO          234    .text.CLK_EnableModuleClock  clk.o
    0x00000a14   0x00000a14   0x00000014   Code   RO          230    .text.CLK_EnableXtalRC  clk.o
    0x00000a28   0x00000a28   0x0000000c   Code   RO          210    .text.CLK_GetHCLKFreq  clk.o
    0x00000a34   0x00000a34   0x00000080   Code   RO          206    .text.CLK_GetPCLK0Freq  clk.o
    0x00000ab4   0x00000ab4   0x00000088   Code   RO          208    .text.CLK_GetPCLK1Freq  clk.o
    0x00000b3c   0x00000b3c   0x000000b0   Code   RO          214    .text.CLK_GetPLLClockFreq  clk.o
    0x00000bec   0x00000bec   0x00000060   Code   RO          222    .text.CLK_SetHCLK   clk.o
    0x00000c4c   0x00000c4c   0x000000a0   Code   RO          226    .text.CLK_SetModuleClock  clk.o
    0x00000cec   0x00000cec   0x00000048   Code   RO          877    .text.CLK_SysTickDelay  delay_1.o
    0x00000d34   0x00000d34   0x00000058   Code   RO          220    .text.CLK_WaitClockReady  clk.o
    0x00000d8c   0x00000d8c   0x00000008   Code   RO          163    .text.DumpStack     retarget.o
    0x00000d94   0x00000d94   0x0000004a   Code   RO          560    .text.GPIO_SetMode  gpio.o
    0x00000dde   0x00000dde   0x00000002   PAD
    0x00000de0   0x00000de0   0x00000020   Code   RO          169    .text.GetChar       retarget.o
    0x00000e00   0x00000e00   0x00000004   Code   RO          126    .text.HardFault_Handler  m251_it.o
    0x00000e04   0x00000e04   0x00000002   Code   RO          124    .text.NMI_Handler   m251_it.o
    0x00000e06   0x00000e06   0x00000002   Code   RO          138    .text.PendSV_Handler  m251_it.o
    0x00000e08   0x00000e08   0x0000007c   Code   RO          161    .text.ProcessHardFault  retarget.o
    0x00000e84   0x00000e84   0x0000000e   Code   RO          159    .text.SH_Return     retarget.o
    0x00000e92   0x00000e92   0x00000002   PAD
    0x00000e94   0x00000e94   0x0000004c   Code   RO          509    .text.SPI_Close     spi.o
    0x00000ee0   0x00000ee0   0x00000024   Code   RO          517    .text.SPI_EnableAutoSS  spi.o
    0x00000f04   0x00000f04   0x00000260   Code   RO          507    .text.SPI_Open      spi.o
    0x00001164   0x00001164   0x00000002   Code   RO          134    .text.SVC_Handler   m251_it.o
    0x00001166   0x00001166   0x00000002   PAD
    0x00001168   0x00001168   0x00000100   Code   RO           28    .text.SYS_Init      main.o
    0x00001268   0x00001268   0x00000008   Code   RO           34    .text.SYS_LockReg   main.o
    0x00001270   0x00001270   0x00000020   Code   RO           30    .text.SYS_UnlockReg  main.o
    0x00001290   0x00001290   0x00000020   Code   RO          839    .text.SYS_UnlockReg  wire_1.o
    0x000012b0   0x000012b0   0x00000024   Code   RO          891    .text.SYS_UnlockReg  spi2_1.o
    0x000012d4   0x000012d4   0x00000010   Code   RO          167    .text.SendChar      retarget.o
    0x000012e4   0x000012e4   0x00000044   Code   RO          165    .text.SendChar_ToUART  retarget.o
    0x00001328   0x00001328   0x0000007c   Code   RO            2    .text.SystemCoreClockUpdate  system_m251.o
    0x000013a4   0x000013a4   0x00000024   Code   RO            4    .text.SystemInit    system_m251.o
    0x000013c8   0x000013c8   0x00000002   Code   RO          142    .text.UART1_IRQHandler  m251_it.o
    0x000013ca   0x000013ca   0x00000002   Code   RO          144    .text.UART2_IRQHandler  m251_it.o
    0x000013cc   0x000013cc   0x000001a8   Code   RO          286    .text.UART_Open     uart.o
    0x00001574   0x00001574   0x0000006a   Code   RO          300    .text.UART_Write    uart.o
    0x000015de   0x000015de   0x00000002   PAD
    0x000015e0   0x000015e0   0x00000028   Code   RO            6    .text.Uart0DefaultMPF  system_m251.o
    0x00001608   0x00001608   0x00000018   Code   RO          893    .text.a_spi_cs_init  spi2_1.o
    0x00001620   0x00001620   0x00000190   Code   RO          749    .text.a_st7789_draw_point  driver_st7789_1.o
    0x000017b0   0x000017b0   0x00000178   Code   RO          745    .text.a_st7789_show_char  driver_st7789_1.o
    0x00001928   0x00001928   0x00000058   Code   RO          579    .text.a_st7789_write_byte  driver_st7789_1.o
    0x00001980   0x00001980   0x0000005c   Code   RO          603    .text.a_st7789_write_bytes  driver_st7789_1.o
    0x000019dc   0x000019dc   0x00000016   Code   RO          879    .text.delay_ms      delay_1.o
    0x000019f2   0x000019f2   0x00000014   Code   RO          177    .text.fputc         retarget.o
    0x00001a06   0x00001a06   0x00000002   PAD
    0x00001a08   0x00001a08   0x000007d4   Code   RO           32    .text.main          main.o
    0x000021dc   0x000021dc   0x00000018   Code   RO           55    .text.shell_init    shell.o
    0x000021f4   0x000021f4   0x0000000c   Code   RO          895    .text.spi_deinit    spi2_1.o
    0x00002200   0x00002200   0x00000060   Code   RO          889    .text.spi_init      spi2_1.o
    0x00002260   0x00002260   0x00000064   Code   RO          897    .text.spi_write_cmd  spi2_1.o
    0x000022c4   0x000022c4   0x000002b4   Code   RO          733    .text.st7789_clear  driver_st7789_1.o
    0x00002578   0x00002578   0x0000008a   Code   RO          727    .text.st7789_deinit  driver_st7789_1.o
    0x00002602   0x00002602   0x0000004e   Code   RO          593    .text.st7789_display_inversion_on  driver_st7789_1.o
    0x00002650   0x00002650   0x0000004e   Code   RO          599    .text.st7789_display_on  driver_st7789_1.o
    0x0000269e   0x0000269e   0x0000007c   Code   RO          747    .text.st7789_draw_point  driver_st7789_1.o
    0x0000271a   0x0000271a   0x00000002   PAD
    0x0000271c   0x0000271c   0x0000043c   Code   RO          735    .text.st7789_fill_rect  driver_st7789_1.o
    0x00002b58   0x00002b58   0x00000048   Code   RO          707    .text.st7789_gate_line_convert_to_register  driver_st7789_1.o
    0x00002ba0   0x00002ba0   0x0000004e   Code   RO          621    .text.st7789_idle_mode_off  driver_st7789_1.o
    0x00002bee   0x00002bee   0x00000002   PAD
    0x00002bf0   0x00002bf0   0x00000098   Code   RO          755    .text.st7789_info   driver_st7789_1.o
    0x00002c88   0x00002c88   0x0000015c   Code   RO          725    .text.st7789_init   driver_st7789_1.o
    0x00002de4   0x00002de4   0x00000008   Code   RO          780    .text.st7789_interface_cmd_data_gpio_deinit  m251_driver_st7789_interface_1.o
    0x00002dec   0x00002dec   0x00000008   Code   RO          778    .text.st7789_interface_cmd_data_gpio_init  m251_driver_st7789_interface_1.o
    0x00002df4   0x00002df4   0x00000014   Code   RO          782    .text.st7789_interface_cmd_data_gpio_write  m251_driver_st7789_interface_1.o
    0x00002e08   0x00002e08   0x0000004a   Code   RO          776    .text.st7789_interface_debug_print  m251_driver_st7789_interface_1.o
    0x00002e52   0x00002e52   0x00000010   Code   RO          774    .text.st7789_interface_delay_ms  m251_driver_st7789_interface_1.o
    0x00002e62   0x00002e62   0x00000008   Code   RO          786    .text.st7789_interface_reset_gpio_deinit  m251_driver_st7789_interface_1.o
    0x00002e6a   0x00002e6a   0x00000008   Code   RO          784    .text.st7789_interface_reset_gpio_init  m251_driver_st7789_interface_1.o
    0x00002e72   0x00002e72   0x00000014   Code   RO          788    .text.st7789_interface_reset_gpio_write  m251_driver_st7789_interface_1.o
    0x00002e86   0x00002e86   0x00000008   Code   RO          770    .text.st7789_interface_spi_deinit  m251_driver_st7789_interface_1.o
    0x00002e8e   0x00002e8e   0x0000000a   Code   RO          768    .text.st7789_interface_spi_init  m251_driver_st7789_interface_1.o
    0x00002e98   0x00002e98   0x0000001c   Code   RO          772    .text.st7789_interface_spi_write_cmd  m251_driver_st7789_interface_1.o
    0x00002eb4   0x00002eb4   0x0000004e   Code   RO          589    .text.st7789_normal_display_mode_on  driver_st7789_1.o
    0x00002f02   0x00002f02   0x0000007c   Code   RO          635    .text.st7789_set_brightness_control_and_color_enhancement  driver_st7789_1.o
    0x00002f7e   0x00002f7e   0x00000084   Code   RO          687    .text.st7789_set_cabc_control  driver_st7789_1.o
    0x00003002   0x00003002   0x0000006a   Code   RO          637    .text.st7789_set_cabc_minimum_brightness  driver_st7789_1.o
    0x0000306c   0x0000306c   0x00000052   Code   RO          729    .text.st7789_set_column  driver_st7789_1.o
    0x000030be   0x000030be   0x00000078   Code   RO          695    .text.st7789_set_command_2_enable  driver_st7789_1.o
    0x00003136   0x00003136   0x0000006e   Code   RO          653    .text.st7789_set_digital_gamma  driver_st7789_1.o
    0x000031a4   0x000031a4   0x00000068   Code   RO          703    .text.st7789_set_digital_gamma_look_up_table_blue  driver_st7789_1.o
    0x0000320c   0x0000320c   0x00000068   Code   RO          701    .text.st7789_set_digital_gamma_look_up_table_red  driver_st7789_1.o
    0x00003274   0x00003274   0x0000006a   Code   RO          631    .text.st7789_set_display_brightness  driver_st7789_1.o
    0x000032de   0x000032de   0x0000007e   Code   RO          633    .text.st7789_set_display_control  driver_st7789_1.o
    0x0000335c   0x0000335c   0x000000b4   Code   RO          715    .text.st7789_set_equalize_time_control  driver_st7789_1.o
    0x00003410   0x00003410   0x00000074   Code   RO          685    .text.st7789_set_frame_rate  driver_st7789_1.o
    0x00003484   0x00003484   0x000000ca   Code   RO          645    .text.st7789_set_frame_rate_control  driver_st7789_1.o
    0x0000354e   0x0000354e   0x0000006e   Code   RO          595    .text.st7789_set_gamma  driver_st7789_1.o
    0x000035bc   0x000035bc   0x000000ac   Code   RO          705    .text.st7789_set_gate  driver_st7789_1.o
    0x00003668   0x00003668   0x00000074   Code   RO          649    .text.st7789_set_gate_control  driver_st7789_1.o
    0x000036dc   0x000036dc   0x000000ca   Code   RO          651    .text.st7789_set_gate_on_timing_adjustment  driver_st7789_1.o
    0x000037a6   0x000037a6   0x0000007c   Code   RO          625    .text.st7789_set_interface_pixel_format  driver_st7789_1.o
    0x00003822   0x00003822   0x0000009c   Code   RO          661    .text.st7789_set_lcm_control  driver_st7789_1.o
    0x000038be   0x000038be   0x0000006a   Code   RO          617    .text.st7789_set_memory_data_access_control  driver_st7789_1.o
    0x00003928   0x00003928   0x00000068   Code   RO          699    .text.st7789_set_negative_voltage_gamma_control  driver_st7789_1.o
    0x00003990   0x00003990   0x0000007c   Code   RO          647    .text.st7789_set_partial_mode_control  driver_st7789_1.o
    0x00003a0c   0x00003a0c   0x0000012a   Code   RO          643    .text.st7789_set_porch  driver_st7789_1.o
    0x00003b36   0x00003b36   0x00000068   Code   RO          697    .text.st7789_set_positive_voltage_gamma_control  driver_st7789_1.o
    0x00003b9e   0x00003b9e   0x00000080   Code   RO          691    .text.st7789_set_power_control_1  driver_st7789_1.o
    0x00003c1e   0x00003c1e   0x00000074   Code   RO          713    .text.st7789_set_power_control_2  driver_st7789_1.o
    0x00003c92   0x00003c92   0x0000007a   Code   RO          719    .text.st7789_set_program_mode_enable  driver_st7789_1.o
    0x00003d0c   0x00003d0c   0x0000006c   Code   RO          689    .text.st7789_set_pwm_frequency  driver_st7789_1.o
    0x00003d78   0x00003d78   0x00000092   Code   RO          639    .text.st7789_set_ram_control  driver_st7789_1.o
    0x00003e0a   0x00003e0a   0x000000dc   Code   RO          641    .text.st7789_set_rgb_interface_control  driver_st7789_1.o
    0x00003ee6   0x00003ee6   0x00000056   Code   RO          731    .text.st7789_set_row  driver_st7789_1.o
    0x00003f3c   0x00003f3c   0x00000074   Code   RO          711    .text.st7789_set_spi2_enable  driver_st7789_1.o
    0x00003fb0   0x00003fb0   0x00000086   Code   RO          655    .text.st7789_set_vcoms  driver_st7789_1.o
    0x00004036   0x00004036   0x00000086   Code   RO          679    .text.st7789_set_vcoms_offset  driver_st7789_1.o
    0x000040bc   0x000040bc   0x00000086   Code   RO          673    .text.st7789_set_vdv  driver_st7789_1.o
    0x00004142   0x00004142   0x00000070   Code   RO          665    .text.st7789_set_vdv_vrh_from  driver_st7789_1.o
    0x000041b2   0x000041b2   0x00000086   Code   RO          667    .text.st7789_set_vrhs  driver_st7789_1.o
    0x00004238   0x00004238   0x00000056   Code   RO          585    .text.st7789_sleep_out  driver_st7789_1.o
    0x0000428e   0x0000428e   0x00000002   PAD
    0x00004290   0x00004290   0x00000058   Code   RO          657    .text.st7789_vcom_convert_to_register  driver_st7789_1.o
    0x000042e8   0x000042e8   0x00000054   Code   RO          681    .text.st7789_vcoms_offset_convert_to_register  driver_st7789_1.o
    0x0000433c   0x0000433c   0x0000005c   Code   RO          675    .text.st7789_vdv_convert_to_register  driver_st7789_1.o
    0x00004398   0x00004398   0x0000005c   Code   RO          669    .text.st7789_vrhs_convert_to_register  driver_st7789_1.o
    0x000043f4   0x000043f4   0x0000013e   Code   RO          743    .text.st7789_write_string  driver_st7789_1.o
    0x00004532   0x00004532   0x00000002   PAD
    0x00004534   0x00004534   0x00000014   Code   RO          920    .text.uart_init     uart2_1.o
    0x00004548   0x00004548   0x0000007c   Code   RO          924    .text.uart_write    uart2_1.o
    0x000045c4   0x000045c4   0x00000004   Code   RO          849    .text.wire_clock_deinit  wire_1.o
    0x000045c8   0x000045c8   0x00000020   Code   RO          847    .text.wire_clock_init  wire_1.o
    0x000045e8   0x000045e8   0x00000028   Code   RO          851    .text.wire_clock_write  wire_1.o
    0x00004610   0x00004610   0x00000018   Code   RO          841    .text.wire_deinit   wire_1.o
    0x00004628   0x00004628   0x00000044   Code   RO          837    .text.wire_init     wire_1.o
    0x0000466c   0x0000466c   0x0000002c   Code   RO          845    .text.wire_write    wire_1.o
    0x00004698   0x00004698   0x00000020   Code   RO          985    i.__0printf         mc_p.l(printfa.o)
    0x000046b8   0x000046b8   0x00000038   Code   RO          986    i.__0snprintf       mc_p.l(printfa.o)
    0x000046f0   0x000046f0   0x00000030   Code   RO          990    i.__0vsnprintf      mc_p.l(printfa.o)
    0x00004720   0x00004720   0x0000002e   Code   RO         1075    i.__ARM_clz         mf_p.l(depilogue.o)
    0x0000474e   0x0000474e   0x0000000e   Code   RO         1079    i.__scatterload_copy  mc_p.l(handlers.o)
    0x0000475c   0x0000475c   0x00000002   Code   RO         1080    i.__scatterload_null  mc_p.l(handlers.o)
    0x0000475e   0x0000475e   0x0000000e   Code   RO         1081    i.__scatterload_zeroinit  mc_p.l(handlers.o)
    0x0000476c   0x0000476c   0x00000174   Code   RO          992    i._fp_digits        mc_p.l(printfa.o)
    0x000048e0   0x000048e0   0x000006ec   Code   RO          993    i._printf_core      mc_p.l(printfa.o)
    0x00004fcc   0x00004fcc   0x00000020   Code   RO          994    i._printf_post_padding  mc_p.l(printfa.o)
    0x00004fec   0x00004fec   0x0000002c   Code   RO          995    i._printf_pre_padding  mc_p.l(printfa.o)
    0x00005018   0x00005018   0x00000016   Code   RO          996    i._snputc           mc_p.l(printfa.o)
    0x0000502e   0x0000502e   0x00000002   PAD
    0x00005030   0x00005030   0x00000018   Data   RO          304    .rodata..L__const.UART_Open.au32ClkTbl  uart.o
    0x00005048   0x00005048   0x00000031   Data   RO           38    .rodata..L__const.main.str  main.o
    0x00005079   0x00005079   0x00000021   Data   RO           37    .rodata..L__const.main.type  main.o
    0x0000509a   0x0000509a   0x00000002   PAD
    0x0000509c   0x0000509c   0x00000020   Data   RO           11    .rodata.gau32ClkSrcTbl  system_m251.o
    0x000050bc   0x000050bc   0x00000474   Data   RO          758    .rodata.gsc_st7789_ascii_1206  driver_st7789_1.o
    0x00005530   0x00005530   0x000005f0   Data   RO          759    .rodata.gsc_st7789_ascii_1608  driver_st7789_1.o
    0x00005b20   0x00005b20   0x00000d5c   Data   RO          760    .rodata.gsc_st7789_ascii_2412  driver_st7789_1.o
    0x0000687c   0x0000687c   0x00000005   Data   RO           36    .rodata.str1.1      main.o
    0x00006881   0x00006881   0x0000000f   Data   RO          184    .rodata.str1.1      retarget.o
    0x00006890   0x00006890   0x0000001d   Data   RO          757    .rodata.str1.1      driver_st7789_1.o
    0x000068ad   0x000068ad   0x00000003   PAD
    0x000068b0   0x000068b0   0x00000020   Data   RO         1078    Region$$Table       anon$$obj.o


    Execution Region ER_RW (Exec base: 0x20000000, Load base: 0x000068d0, Size: 0x00000014, Max: 0xffffffff, ABSOLUTE)

    Exec Addr    Load Addr    Size         Type   Attr      Idx    E Section Name        Object

    0x20000000   0x000068d0   0x00000004   Data   RW          966    .data               mc_p.l(rand.o)
    0x20000004   0x000068d4   0x00000004   Data   RW            9    .data.CyclesPerUs   system_m251.o
    0x20000008   0x000068d8   0x00000004   Data   RW           10    .data.PllClock      system_m251.o
    0x2000000c   0x000068dc   0x00000004   Data   RW            8    .data.SystemCoreClock  system_m251.o
    0x20000010   0x000068e0   0x00000004   Data   RW          183    .data.g_ICE_Conneced  retarget.o


    Execution Region ER_ZI (Exec base: 0x20000018, Load base: 0x000068e4, Size: 0x00001ea8, Max: 0xffffffff, ABSOLUTE)

    Exec Addr    Load Addr    Size         Type   Attr      Idx    E Section Name        Object

    0x20000018        -       0x00000054   Zero   RW          185    .bss.__stdout       retarget.o
    0x2000006c        -       0x00000004   Zero   RW          262    .bss.g_CLK_i32ErrCode  clk.o
    0x20000070        -       0x00000001   Zero   RW          950    .bss.g_uart_tx_done  uart2_1.o
    0x20000071   0x000068e4   0x00000003   PAD
    0x20000074        -       0x0000103c   Zero   RW           39    .bss.gs_handle      main.o
    0x200010b0        -       0x00000604   Zero   RW           65    .bss.gs_shell       shell.o
    0x200016b4        -       0x00000004   Zero   RW           85    .bss.optarg         getopt.o
    0x200016b8        -       0x00000001   Zero   RW           40    .bss.res            main.o
    0x200016b9   0x000068e4   0x00000007   PAD
    0x200016c0        -       0x00000800   Zero   RW           18    STACK               startup_m251.o


==============================================================================

Image component sizes


      Code (inc. data)   RO Data    RW Data    ZI Data      Debug   Object Name

       884         48          0          0          4      10447   clk.o
        94         16          0          0          0       1330   delay_1.o
      9556         72       6109          0          0      40849   driver_st7789_1.o
         0          0          0          0          4       3868   getopt.o
        74          0          0          0          0       1977   gpio.o
       208          0          0          0          0       2388   m251_driver_st7789_interface_1.o
        14          0          0          0          0       2251   m251_it.o
      2300        184         87          0       4157      13563   main.o
       282         24         15          4         84       3250   retarget.o
        24          8          0          0       1540       2545   shell.o
       720         32          0          0          0      10574   spi.o
       268         44          0          0          0       5830   spi2_1.o
       132         36        320          0       2048        868   startup_m251.o
       200         44         32         12          0       4112   system_m251.o
       530         40         24          0          0       5955   uart.o
       144          8          0          0          1       3845   uart2_1.o
       244         12          0          0          0       3300   wire_1.o

    ----------------------------------------------------------------------
     15692        568       6624         16       7848     116952   Object Totals
         0          0         32          0          0          0   (incl. Generated)
        18          0          5          0         10          0   (incl. Padding)

    ----------------------------------------------------------------------

      Code (inc. data)   RO Data    RW Data    ZI Data      Debug   Library Member Name

         0          0          0          0          0          0   entry.o
         0          0          0          0          0          0   entry10a.o
         0          0          0          0          0          0   entry11a.o
         8          4          0          0          0          0   entry2.o
         4          0          0          0          0          0   entry5.o
         0          0          0          0          0          0   entry7b.o
         0          0          0          0          0          0   entry8b.o
         8          4          0          0          0          0   entry9a.o
        30          0          0          0          0          0   handlers.o
        48         10          0          0          0         68   init.o
         0          0          0          0          0          0   iusefp.o
        32          0          0          0          0         68   llshl.o
        38          0          0          0          0         68   llsshr.o
        34          0          0          0          0         68   llushr.o
        36          0          0          0          0         60   memcpya.o
        36          0          0          0          0        100   memseta.o
      2378        108          0          0          0        636   printfa.o
        36         12          0          4          0        120   rand.o
        14          0          0          0          0         60   strlen.o
        26          0          0          0          0         68   strncpy.o
        62          0          0          0          0         72   uidiv_div0.o
        96          0          0          0          0         84   uldiv.o
        40          2          0          0          0         68   cdrcmple.o
       356          4          0          0          0        140   dadd.o
       240          6          0          0          0         84   ddiv.o
       236          0          0          0          0        216   depilogue.o
        64         10          0          0          0         68   dfixul.o
       208          6          0          0          0         88   dmul.o
       178          0          0          0          0        108   fadd.o
       124          0          0          0          0         72   fdiv.o
       130          0          0          0          0        144   fepilogue.o
        50          0          0          0          0         60   ffixi.o

    ----------------------------------------------------------------------
      4516        166          0          4          0       2520   Library Totals
         4          0          0          0          0          0   (incl. Padding)

    ----------------------------------------------------------------------

      Code (inc. data)   RO Data    RW Data    ZI Data      Debug   Library Name

      2886        138          0          4          0       1472   mc_p.l
      1626         28          0          0          0       1048   mf_p.l

    ----------------------------------------------------------------------
      4516        166          0          4          0       2520   Library Totals

    ----------------------------------------------------------------------

==============================================================================


      Code (inc. data)   RO Data    RW Data    ZI Data      Debug   

     20208        734       6624         20       7848     118104   Grand Totals
     20208        734       6624         20       7848     118104   ELF Image Totals
     20208        734       6624         20          0          0   ROM Totals

==============================================================================

    Total RO  Size (Code + RO Data)                26832 (  26.20kB)
    Total RW  Size (RW Data + ZI Data)              7868 (   7.68kB)
    Total ROM Size (Code + RO Data + RW Data)      26852 (  26.22kB)

==============================================================================

