<html>
<body>
<pre>
<h1>µVision Build Log</h1>
<h2>Tool Versions:</h2>
IDE-Version: µVision V5.40.0.0
Copyright (C) 2024 ARM Ltd and ARM Germany GmbH. All rights reserved.
License Information: ÝSMAÝL KARATAÞ
ÖZDÝSAN
User-based license: Keil MDK Community (non-commercial free of charge)
Valid until: Jun 1 2033. Cached until: Sep 19 2024
 
Tool Versions:
Toolchain:       Keil MDK Community (non-commercial free of charge  Version: 5.40.0.3
Toolchain Path:  C:\Keil_v5\ARM\ARMCLANG\Bin
C Compiler:      ArmClang.exe V6.22
Assembler:       Armasm.exe V6.22
Linker/Locator:  ArmLink.exe V6.22
Library Manager: ArmAr.exe V6.22
Hex Converter:   FromElf.exe V6.22
CPU DLL:         
Dialog DLL:      
Target DLL:      Nu_Link.dll V3.15
Dialog DLL:      TCM.DLL V1.56.4.0
 
<h2>Project:</h2>
C:\Users\ikaratas\Desktop\NUVOTON KODLAR\M23 ailesi\M251BSP-oled\SampleCode\StdDriver\ST7789\KEIL\OLED.uvprojx
Project File Date:  09/13/2024

<h2>Output:</h2>
*** Using Compiler 'V6.22', folder: 'C:\Keil_v5\ARM\ARMCLANG\Bin'
Rebuild target 'FMC_RW'
Note: source file '..\driver_st7789.c' - object file renamed from '.\obj\driver_st7789.o' to '.\obj\driver_st7789_1.o'.
Note: source file '..\M251_driver_st7789_interface.c' - object file renamed from '.\obj\M251_driver_st7789_interface.o' to '.\obj\m251_driver_st7789_interface_1.o'.
Note: source file '..\driver_st7789_display_test.c' - object file renamed from '.\obj\driver_st7789_display_test.o' to '.\obj\driver_st7789_display_test_1.o'.
Note: source file '..\driver_st7789_basic.c' - object file renamed from '.\obj\driver_st7789_basic.o' to '.\obj\driver_st7789_basic_1.o'.
Note: source file '..\wire.c' - object file renamed from '.\obj\wire.o' to '.\obj\wire_1.o'.
Note: source file '..\clock.c' - object file renamed from '.\obj\clock.o' to '.\obj\clock_1.o'.
Note: source file '..\delay.c' - object file renamed from '.\obj\delay.o' to '.\obj\delay_1.o'.
Note: source file '..\spi2.c' - object file renamed from '.\obj\spi2.o' to '.\obj\spi2_1.o'.
Note: source file '..\uart2.c' - object file renamed from '.\obj\uart2.o' to '.\obj\uart2_1.o'.
assembling startup_M251.s...
creating preprocessor file for shell.c...
creating preprocessor file for getopt.c...
compiling shell.c...
creating preprocessor file for system_M251.c...
../getopt.c(184): warning: a function definition without a prototype is deprecated in all versions of C and is not supported in C23 [-Wdeprecated-non-prototype]
  184 | my_strlen (str)
      | ^
../getopt.c(194): warning: a function definition without a prototype is deprecated in all versions of C and is not supported in C23 [-Wdeprecated-non-prototype]
  194 | my_index (str, chr)
      | ^
../getopt.c(241): warning: a function definition without a prototype is deprecated in all versions of C and is not supported in C23 [-Wdeprecated-non-prototype]
  241 | exchange (argv)
      | ^
../getopt.c(326): warning: a function definition without a prototype is deprecated in all versions of C and is not supported in C23 [-Wdeprecated-non-prototype]
  326 | _getopt_internal (argc, argv, optstring, longopts, longind, long_only)
      | ^
../getopt.c(660): warning: a function definition without a prototype is deprecated in all versions of C and is not supported in C23 [-Wdeprecated-non-prototype]
  660 | getopt (argc, argv, optstring)
      | ^
../getopt.c(672): warning: a function definition without a prototype is deprecated in all versions of C and is not supported in C23 [-Wdeprecated-non-prototype]
  672 | getopt_long (argc, argv, options, long_options, opt_index)
      | ^
6 warnings generated.
compiling getopt.c...
creating preprocessor file for M251_it.c...
creating preprocessor file for M251_hal_msp.c...
creating preprocessor file for main.c...
compiling system_M251.c...
compiling M251_it.c...
compiling M251_hal_msp.c...
compiling main.c...
creating preprocessor file for retarget.c...
creating preprocessor file for uart.c...
creating preprocessor file for clk.c...
compiling retarget.c...
compiling clk.c...
creating preprocessor file for sys.c...
compiling uart.c...
compiling sys.c...
creating preprocessor file for fmc.c...
creating preprocessor file for timer.c...
creating preprocessor file for i2c.c...
compiling timer.c...
compiling fmc.c...
creating preprocessor file for spi.c...
compiling i2c.c...
creating preprocessor file for gpio.c...
compiling gpio.c...
compiling spi.c...
creating preprocessor file for driver_st7789.c...
creating preprocessor file for driver_st7789_basic.c...
creating preprocessor file for M251_driver_st7789_interface.c...
compiling driver_st7789_basic.c...
compiling M251_driver_st7789_interface.c...
creating preprocessor file for driver_st7789_display_test.c...
creating preprocessor file for wire.c...
compiling wire.c...
creating preprocessor file for clock.c...
compiling driver_st7789.c...
creating preprocessor file for delay.c...
compiling clock.c...
creating preprocessor file for spi2.c...
compiling delay.c...
compiling driver_st7789_display_test.c...
creating preprocessor file for uart2.c...
compiling spi2.c...
compiling uart2.c...
linking...
Program Size: Code=20208 RO-data=6624 RW-data=20 ZI-data=7848  
After Build - User command #1: fromelf --bin ".\obj\FMC_RW.axf" --output ".\obj\FMC_RW.bin"
After Build - User command #2: fromelf --text -c ".\obj\FMC_RW.axf" --output ".\obj\FMC_RW.txt"
".\obj\FMC_RW.axf" - 0 Error(s), 6 Warning(s).

<h2>Software Packages used:</h2>

Package Vendor: Nuvoton
                https://github.com/OpenNuvoton/cmsis-packs/raw/master/Nuvoton_DFP/Nuvoton.NuMicro_DFP.1.3.23.pack
                Nuvoton::NuMicro_DFP@1.3.23
                Nuvoton ARM Cortex-M NuMicro Family Device Support

<h2>Collection of Component include folders:</h2>
  C:/Users/ikaratas/AppData/Local/Arm/Packs/Nuvoton/NuMicro_DFP/1.3.23/Device/M251/Include

<h2>Collection of Component Files used:</h2>
Build Time Elapsed:  00:00:02
</pre>
</body>
</html>
